Component: ARM Compiler 5.06 update 1 (build 61) Tool: armlink [4d35a8]

==============================================================================

Section Cross References

    startup_stm32f103xb.o(RESET) refers to startup_stm32f103xb.o(STACK) for __initial_sp
    startup_stm32f103xb.o(RESET) refers to startup_stm32f103xb.o(.text) for Reset_Handler
    startup_stm32f103xb.o(RESET) refers to stm32f1xx_it.o(i.NMI_Handler) for NMI_Handler
    startup_stm32f103xb.o(RESET) refers to stm32f1xx_it.o(i.HardFault_Handler) for HardFault_Handler
    startup_stm32f103xb.o(RESET) refers to stm32f1xx_it.o(i.MemManage_Handler) for MemManage_Handler
    startup_stm32f103xb.o(RESET) refers to stm32f1xx_it.o(i.BusFault_Handler) for BusFault_Handler
    startup_stm32f103xb.o(RESET) refers to stm32f1xx_it.o(i.UsageFault_Handler) for UsageFault_Handler
    startup_stm32f103xb.o(RESET) refers to stm32f1xx_it.o(i.SVC_Handler) for SVC_Handler
    startup_stm32f103xb.o(RESET) refers to stm32f1xx_it.o(i.DebugMon_Handler) for DebugMon_Handler
    startup_stm32f103xb.o(RESET) refers to stm32f1xx_it.o(i.PendSV_Handler) for PendSV_Handler
    startup_stm32f103xb.o(RESET) refers to stm32f1xx_it.o(i.SysTick_Handler) for SysTick_Handler
    startup_stm32f103xb.o(RESET) refers to stm32f1xx_it.o(i.DMA1_Channel4_IRQHandler) for DMA1_Channel4_IRQHandler
    startup_stm32f103xb.o(RESET) refers to stm32f1xx_it.o(i.DMA1_Channel5_IRQHandler) for DMA1_Channel5_IRQHandler
    startup_stm32f103xb.o(.text) refers to system_stm32f1xx.o(i.SystemInit) for SystemInit
    startup_stm32f103xb.o(.text) refers to entry.o(.ARM.Collect$$$$00000000) for __main
    log.o(i.fputc) refers to stm32f1xx_hal_uart.o(i.HAL_UART_Transmit) for HAL_UART_Transmit
    log.o(i.fputc) refers to usart.o(.bss) for huart2
    st7735.o(i.ST7735_DisplayOff) refers to st7735_reg.o(i.st7735_write_reg) for st7735_write_reg
    st7735.o(i.ST7735_DisplayOff) refers to st7735.o(i.ST7735_IO_Delay) for ST7735_IO_Delay
    st7735.o(i.ST7735_DisplayOff) refers to st7735_reg.o(i.st7735_send_data) for st7735_send_data
    st7735.o(i.ST7735_DisplayOn) refers to st7735_reg.o(i.st7735_write_reg) for st7735_write_reg
    st7735.o(i.ST7735_DisplayOn) refers to st7735.o(i.ST7735_IO_Delay) for ST7735_IO_Delay
    st7735.o(i.ST7735_DisplayOn) refers to st7735_reg.o(i.st7735_send_data) for st7735_send_data
    st7735.o(i.ST7735_DrawBitmap) refers to st7735.o(i.ST7735_SetDisplayWindow) for ST7735_SetDisplayWindow
    st7735.o(i.ST7735_DrawBitmap) refers to st7735.o(i.ST7735_SetCursor) for ST7735_SetCursor
    st7735.o(i.ST7735_DrawBitmap) refers to st7735_reg.o(i.st7735_send_data) for st7735_send_data
    st7735.o(i.ST7735_DrawBitmap) refers to st7735_reg.o(i.st7735_write_reg) for st7735_write_reg
    st7735.o(i.ST7735_DrawBitmap) refers to st7735.o(.bss) for ST7735Ctx
    st7735.o(i.ST7735_DrawBitmap) refers to st7735.o(.data) for OrientationTab
    st7735.o(i.ST7735_DrawHLine) refers to st7735.o(i.ST7735_SetCursor) for ST7735_SetCursor
    st7735.o(i.ST7735_DrawHLine) refers to st7735_reg.o(i.st7735_send_data) for st7735_send_data
    st7735.o(i.ST7735_DrawHLine) refers to st7735.o(.bss) for ST7735Ctx
    st7735.o(i.ST7735_DrawVLine) refers to st7735.o(i.ST7735_SetPixel) for ST7735_SetPixel
    st7735.o(i.ST7735_DrawVLine) refers to st7735.o(.bss) for ST7735Ctx
    st7735.o(i.ST7735_FillRGBRect) refers to printf8.o(i.__0printf$8) for __2printf
    st7735.o(i.ST7735_FillRGBRect) refers to st7735.o(i.ST7735_SetCursor) for ST7735_SetCursor
    st7735.o(i.ST7735_FillRGBRect) refers to st7735_reg.o(i.st7735_send_data) for st7735_send_data
    st7735.o(i.ST7735_FillRGBRect) refers to st7735.o(.bss) for ST7735Ctx
    st7735.o(i.ST7735_FillRect) refers to st7735.o(i.ST7735_DrawHLine) for ST7735_DrawHLine
    st7735.o(i.ST7735_GetOrientation) refers to st7735.o(.bss) for ST7735Ctx
    st7735.o(i.ST7735_GetPixel) refers to st7735.o(i.ST7735_SetCursor) for ST7735_SetCursor
    st7735.o(i.ST7735_GetPixel) refers to st7735_reg.o(i.st7735_read_reg) for st7735_read_reg
    st7735.o(i.ST7735_GetPixel) refers to st7735_reg.o(i.st7735_recv_data) for st7735_recv_data
    st7735.o(i.ST7735_GetXSize) refers to st7735.o(.bss) for ST7735Ctx
    st7735.o(i.ST7735_GetYSize) refers to st7735.o(.bss) for ST7735Ctx
    st7735.o(i.ST7735_Init) refers to st7735_reg.o(i.st7735_write_reg) for st7735_write_reg
    st7735.o(i.ST7735_Init) refers to st7735_reg.o(i.st7735_send_data) for st7735_send_data
    st7735.o(i.ST7735_Init) refers to st7735.o(i.ST7735_SetOrientation) for ST7735_SetOrientation
    st7735.o(i.ST7735_Init) refers to printf8.o(i.__0printf$8) for __2printf
    st7735.o(i.ST7735_ReadID) refers to st7735_reg.o(i.st7735_read_reg) for st7735_read_reg
    st7735.o(i.ST7735_ReadID) refers to st7735_reg.o(i.st7735_recv_data) for st7735_recv_data
    st7735.o(i.ST7735_RegisterBusIO) refers to st7735.o(i.ST7735_ReadRegWrap) for ST7735_ReadRegWrap
[...]

    Removing startup_stm32f103xb.o(HEAP), (512 bytes).
    Removing log.o(.rev16_text), (4 bytes).
    Removing log.o(.revsh_text), (4 bytes).
    Removing log.o(.rrx_text), (6 bytes).
    Removing main.o(.rev16_text), (4 bytes).
    Removing main.o(.revsh_text), (4 bytes).
    Removing main.o(.rrx_text), (6 bytes).
    Removing gpio.o(.rev16_text), (4 bytes).
    Removing gpio.o(.revsh_text), (4 bytes).
    Removing gpio.o(.rrx_text), (6 bytes).
    Removing dma.o(.rev16_text), (4 bytes).
    Removing dma.o(.revsh_text), (4 bytes).
    Removing dma.o(.rrx_text), (6 bytes).
    Removing spi.o(.rev16_text), (4 bytes).
    Removing spi.o(.revsh_text), (4 bytes).
    Removing spi.o(.rrx_text), (6 bytes).
    Removing spi.o(i.HAL_SPI_MspDeInit), (60 bytes).
    Removing usart.o(.rev16_text), (4 bytes).
    Removing usart.o(.revsh_text), (4 bytes).
    Removing usart.o(.rrx_text), (6 bytes).
    Removing usart.o(i.HAL_UART_MspDeInit), (48 bytes).
    Removing stm32f1xx_it.o(.rev16_text), (4 bytes).
    Removing stm32f1xx_it.o(.revsh_text), (4 bytes).
    Removing stm32f1xx_it.o(.rrx_text), (6 bytes).
    Removing stm32f1xx_hal_msp.o(.rev16_text), (4 bytes).
    Removing stm32f1xx_hal_msp.o(.revsh_text), (4 bytes).
    Removing stm32f1xx_hal_msp.o(.rrx_text), (6 bytes).
    Removing lcd_drv.o(.rev16_text), (4 bytes).
    Removing lcd_drv.o(.revsh_text), (4 bytes).
    Removing lcd_drv.o(.rrx_text), (6 bytes).
    Removing img.o(.constdata), (12808 bytes).
    Removing stm32f1xx_hal_gpio_ex.o(.rev16_text), (4 bytes).
    Removing stm32f1xx_hal_gpio_ex.o(.revsh_text), (4 bytes).
    Removing stm32f1xx_hal_gpio_ex.o(.rrx_text), (6 bytes).
    Removing stm32f1xx_hal_gpio_ex.o(i.HAL_GPIOEx_ConfigEventout), (24 bytes).
    Removing stm32f1xx_hal_gpio_ex.o(i.HAL_GPIOEx_DisableEventout), (20 bytes).
    Removing stm32f1xx_hal_gpio_ex.o(i.HAL_GPIOEx_EnableEventout), (20 bytes).
    Removing stm32f1xx_hal_spi.o(.rev16_text), (4 bytes).
    Removing stm32f1xx_hal_spi.o(.revsh_text), (4 bytes).
    Removing stm32f1xx_hal_spi.o(.rrx_text), (6 bytes).
    Removing stm32f1xx_hal_spi.o(i.HAL_SPI_Abort), (348 bytes).
    Removing stm32f1xx_hal_spi.o(i.HAL_SPI_AbortCpltCallback), (2 bytes).
    Removing stm32f1xx_hal_spi.o(i.HAL_SPI_Abort_IT), (360 bytes).
    Removing stm32f1xx_hal_spi.o(i.HAL_SPI_DMAPause), (50 bytes).
    Removing stm32f1xx_hal_spi.o(i.HAL_SPI_DMAResume), (50 bytes).
    Removing stm32f1xx_hal_spi.o(i.HAL_SPI_DMAStop), (72 bytes).
    Removing stm32f1xx_hal_spi.o(i.HAL_SPI_DeInit), (54 bytes).
    Removing stm32f1xx_hal_spi.o(i.HAL_SPI_GetError), (6 bytes).
    Removing stm32f1xx_hal_spi.o(i.HAL_SPI_GetState), (8 bytes).
    Removing stm32f1xx_hal_spi.o(i.HAL_SPI_IRQHandler), (308 bytes).
    Removing stm32f1xx_hal_spi.o(i.HAL_SPI_MspDeInit), (2 bytes).
    Removing stm32f1xx_hal_spi.o(i.HAL_SPI_MspInit), (2 bytes).
    Removing stm32f1xx_hal_spi.o(i.HAL_SPI_Receive), (368 bytes).
    Removing stm32f1xx_hal_spi.o(i.HAL_SPI_Receive_IT), (216 bytes).
    Removing stm32f1xx_hal_spi.o(i.HAL_SPI_Transmit), (430 bytes).
    Removing stm32f1xx_hal_spi.o(i.HAL_SPI_TransmitReceive), (554 bytes).
    Removing stm32f1xx_hal_spi.o(i.HAL_SPI_TransmitReceive_IT), (196 bytes).
    Removing stm32f1xx_hal_spi.o(i.HAL_SPI_Transmit_IT), (180 bytes).
    Removing stm32f1xx_hal_spi.o(i.SPI_2linesRxISR_16BIT), (52 bytes).
    Removing stm32f1xx_hal_spi.o(i.SPI_2linesRxISR_8BIT), (52 bytes).
    Removing stm32f1xx_hal_spi.o(i.SPI_2linesTxISR_16BIT), (52 bytes).
    Removing stm32f1xx_hal_spi.o(i.SPI_2linesTxISR_8BIT), (52 bytes).
    Removing stm32f1xx_hal_spi.o(i.SPI_AbortRx_ISR), (112 bytes).
    Removing stm32f1xx_hal_spi.o(i.SPI_AbortTx_ISR), (32 bytes).
    Removing stm32f1xx_hal_spi.o(i.SPI_CloseRxTx_ISR), (188 bytes).
    Removing stm32f1xx_hal_spi.o(i.SPI_CloseRx_ISR), (94 bytes).
    Removing stm32f1xx_hal_spi.o(i.SPI_CloseTx_ISR), (160 bytes).
    Removing stm32f1xx_hal_spi.o(i.SPI_DMAAbortOnError), (20 bytes).
    Removing stm32f1xx_hal_spi.o(i.SPI_DMARxAbortCallback), (128 bytes).
    Removing stm32f1xx_hal_spi.o(i.SPI_DMATxAbortCallback), (156 bytes).
    Removing stm32f1xx_hal_spi.o(i.SPI_RxISR_16BIT), (36 bytes).
    Removing stm32f1xx_hal_spi.o(i.SPI_RxISR_8BIT), (36 bytes).
    Removing stm32f1xx_hal_spi.o(i.SPI_TxISR_16BIT), (36 bytes).
    Removing stm32f1xx_hal_spi.o(i.SPI_TxISR_8BIT), (36 bytes).
    Removing stm32f1xx_hal.o(.rev16_text), (4 bytes).
    Removing stm32f1xx_hal.o(.revsh_text), (4 bytes).
    Removing stm32f1xx_hal.o(.rrx_text), (6 bytes).
    Removing stm32f1xx_hal.o(i.HAL_DBGMCU_DisableDBGSleepMode), (20 bytes).
    Removing stm32f1xx_hal.o(i.HAL_DBGMCU_DisableDBGStandbyMode), (20 bytes).
    Removing stm32f1xx_hal.o(i.HAL_DBGMCU_DisableDBGStopMode), (20 bytes).
    Removing stm32f1xx_hal.o(i.HAL_DBGMCU_EnableDBGSleepMode), (20 bytes).
    Removing stm32f1xx_hal.o(i.HAL_DBGMCU_EnableDBGStandbyMode), (20 bytes).
    Removing stm32f1xx_hal.o(i.HAL_DBGMCU_EnableDBGStopMode), (20 bytes).
    Removing stm32f1xx_hal.o(i.HAL_DeInit), (36 bytes).
    Removing stm32f1xx_hal.o(i.HAL_GetDEVID), (16 bytes).
    Removing stm32f1xx_hal.o(i.HAL_GetHalVersion), (8 bytes).
    Removing stm32f1xx_hal.o(i.HAL_GetREVID), (12 bytes).
    Removing stm32f1xx_hal.o(i.HAL_GetTickFreq), (12 bytes).
    Removing stm32f1xx_hal.o(i.HAL_GetTickPrio), (12 bytes).
    Removing stm32f1xx_hal.o(i.HAL_GetUIDw0), (12 bytes).
    Removing stm32f1xx_hal.o(i.HAL_GetUIDw1), (12 bytes).
    Removing stm32f1xx_hal.o(i.HAL_GetUIDw2), (12 bytes).
    Removing stm32f1xx_hal.o(i.HAL_MspDeInit), (2 bytes).
    Removing stm32f1xx_hal.o(i.HAL_MspInit), (2 bytes).
    Removing stm32f1xx_hal.o(i.HAL_ResumeTick), (18 bytes).
    Removing stm32f1xx_hal.o(i.HAL_SetTickFreq), (48 bytes).
    Removing stm32f1xx_hal.o(i.HAL_SuspendTick), (18 bytes).
    Removing stm32f1xx_hal_rcc.o(.rev16_text), (4 bytes).
    Removing stm32f1xx_hal_rcc.o(.revsh_text), (4 bytes).
    Removing stm32f1xx_hal_rcc.o(.rrx_text), (6 bytes).
    Removing stm32f1xx_hal_rcc.o(i.HAL_RCC_CSSCallback), (2 bytes).
    Removing stm32f1xx_hal_rcc.o(i.HAL_RCC_DeInit), (272 bytes).
    Removing stm32f1xx_hal_rcc.o(i.HAL_RCC_DisableCSS), (12 bytes).
    Removing stm32f1xx_hal_rcc.o(i.HAL_RCC_EnableCSS), (12 bytes).
    Removing stm32f1xx_hal_rcc.o(i.HAL_RCC_GetClockConfig), (68 bytes).
    Removing stm32f1xx_hal_rcc.o(i.HAL_RCC_GetOscConfig), (200 bytes).
    Removing stm32f1xx_hal_rcc.o(i.HAL_RCC_MCOConfig), (100 bytes).
    Removing stm32f1xx_hal_rcc.o(i.HAL_RCC_NMI_IRQHandler), (32 bytes).
    Removing stm32f1xx_hal_rcc_ex.o(.rev16_text), (4 bytes).
    Removing stm32f1xx_hal_rcc_ex.o(.revsh_text), (4 bytes).
    Removing stm32f1xx_hal_rcc_ex.o(.rrx_text), (6 bytes).
    Removing stm32f1xx_hal_rcc_ex.o(i.HAL_RCCEx_GetPeriphCLKConfig), (60 bytes).
    Removing stm32f1xx_hal_rcc_ex.o(i.HAL_RCCEx_GetPeriphCLKFreq), (280 bytes).
    Removing stm32f1xx_hal_rcc_ex.o(i.HAL_RCCEx_PeriphCLKConfig), (304 bytes).
    Removing stm32f1xx_hal_gpio.o(.rev16_text), (4 bytes).
    Removing stm32f1xx_hal_gpio.o(.revsh_text), (4 bytes).
    Removing stm32f1xx_hal_gpio.o(.rrx_text), (6 bytes).
    Removing stm32f1xx_hal_gpio.o(i.HAL_GPIO_DeInit), (308 bytes).
    Removing stm32f1xx_hal_gpio.o(i.HAL_GPIO_EXTI_Callback), (2 bytes).
    Removing stm32f1xx_hal_gpio.o(i.HAL_GPIO_EXTI_IRQHandler), (28 bytes).
    Removing stm32f1xx_hal_gpio.o(i.HAL_GPIO_LockPin), (46 bytes).
    Removing stm32f1xx_hal_gpio.o(i.HAL_GPIO_ReadPin), (16 bytes).
    Removing stm32f1xx_hal_gpio.o(i.HAL_GPIO_TogglePin), (20 bytes).
    Removing stm32f1xx_hal_dma.o(.rev16_text), (4 bytes).
    Removing stm32f1xx_hal_dma.o(.revsh_text), (4 bytes).
    Removing stm32f1xx_hal_dma.o(.rrx_text), (6 bytes).
    Removing stm32f1xx_hal_dma.o(i.HAL_DMA_Abort), (86 bytes).
    Removing stm32f1xx_hal_dma.o(i.HAL_DMA_Abort_IT), (176 bytes).
    Removing stm32f1xx_hal_dma.o(i.HAL_DMA_DeInit), (104 bytes).
    Removing stm32f1xx_hal_dma.o(i.HAL_DMA_GetError), (6 bytes).
    Removing stm32f1xx_hal_dma.o(i.HAL_DMA_GetState), (8 bytes).
    Removing stm32f1xx_hal_dma.o(i.HAL_DMA_PollForTransfer), (692 bytes).
    Removing stm32f1xx_hal_dma.o(i.HAL_DMA_RegisterCallback), (90 bytes).
    Removing stm32f1xx_hal_dma.o(i.HAL_DMA_Start), (114 bytes).
    Removing stm32f1xx_hal_dma.o(i.HAL_DMA_UnRegisterCallback), (106 bytes).
    Removing stm32f1xx_hal_cortex.o(.rev16_text), (4 bytes).
    Removing stm32f1xx_hal_cortex.o(.revsh_text), (4 bytes).
    Removing stm32f1xx_hal_cortex.o(.rrx_text), (6 bytes).
    Removing stm32f1xx_hal_cortex.o(i.HAL_NVIC_ClearPendingIRQ), (36 bytes).
    Removing stm32f1xx_hal_cortex.o(i.HAL_NVIC_DisableIRQ), (68 bytes).
    Removing stm32f1xx_hal_cortex.o(i.HAL_NVIC_GetActive), (48 bytes).
    Removing stm32f1xx_hal_cortex.o(i.HAL_NVIC_GetPendingIRQ), (48 bytes).
    Removing stm32f1xx_hal_cortex.o(i.HAL_NVIC_GetPriority), (148 bytes).
    Removing stm32f1xx_hal_cortex.o(i.HAL_NVIC_GetPriorityGrouping), (8 bytes).
    Removing stm32f1xx_hal_cortex.o(i.HAL_NVIC_SetPendingIRQ), (36 bytes).
    Removing stm32f1xx_hal_cortex.o(i.HAL_NVIC_SystemReset), (68 bytes).
    Removing stm32f1xx_hal_cortex.o(i.HAL_SYSTICK_CLKSourceConfig), (40 bytes).
    Removing stm32f1xx_hal_cortex.o(i.HAL_SYSTICK_Callback), (2 bytes).
    Removing stm32f1xx_hal_cortex.o(i.HAL_SYSTICK_IRQHandler), (8 bytes).
    Removing stm32f1xx_hal_pwr.o(.rev16_text), (4 bytes).
    Removing stm32f1xx_hal_pwr.o(.revsh_text), (4 bytes).
    Removing stm32f1xx_hal_pwr.o(.rrx_text), (6 bytes).
    Removing stm32f1xx_hal_pwr.o(i.HAL_PWR_ConfigPVD), (180 bytes).
    Removing stm32f1xx_hal_pwr.o(i.HAL_PWR_DeInit), (28 bytes).
    Removing stm32f1xx_hal_pwr.o(i.HAL_PWR_DisableBkUpAccess), (12 bytes).
    Removing stm32f1xx_hal_pwr.o(i.HAL_PWR_DisablePVD), (12 bytes).
    Removing stm32f1xx_hal_pwr.o(i.HAL_PWR_DisableSEVOnPend), (20 bytes).
    Removing stm32f1xx_hal_pwr.o(i.HAL_PWR_DisableSleepOnExit), (20 bytes).
    Removing stm32f1xx_hal_pwr.o(i.HAL_PWR_DisableWakeUpPin), (28 bytes).
    Removing stm32f1xx_hal_pwr.o(i.HAL_PWR_EnableBkUpAccess), (12 bytes).
    Removing stm32f1xx_hal_pwr.o(i.HAL_PWR_EnablePVD), (12 bytes).
    Removing stm32f1xx_hal_pwr.o(i.HAL_PWR_EnableSEVOnPend), (20 bytes).
    Removing stm32f1xx_hal_pwr.o(i.HAL_PWR_EnableSleepOnExit), (20 bytes).
    Removing stm32f1xx_hal_pwr.o(i.HAL_PWR_EnableWakeUpPin), (28 bytes).
    Removing stm32f1xx_hal_pwr.o(i.HAL_PWR_EnterSLEEPMode), (32 bytes).
    Removing stm32f1xx_hal_pwr.o(i.HAL_PWR_EnterSTANDBYMode), (40 bytes).
    Removing stm32f1xx_hal_pwr.o(i.HAL_PWR_EnterSTOPMode), (84 bytes).
    Removing stm32f1xx_hal_pwr.o(i.HAL_PWR_PVDCallback), (2 bytes).
    Removing stm32f1xx_hal_pwr.o(i.HAL_PWR_PVD_IRQHandler), (32 bytes).
    Removing stm32f1xx_hal_pwr.o(i.PWR_OverloadWfe), (6 bytes).
    Removing stm32f1xx_hal_flash.o(.rev16_text), (4 bytes).
    Removing stm32f1xx_hal_flash.o(.revsh_text), (4 bytes).
    Removing stm32f1xx_hal_flash.o(.rrx_text), (6 bytes).
    Removing stm32f1xx_hal_flash.o(i.FLASH_Program_HalfWord), (32 bytes).
    Removing stm32f1xx_hal_flash.o(i.FLASH_SetErrorCode), (132 bytes).
    Removing stm32f1xx_hal_flash.o(i.FLASH_WaitForLastOperation), (112 bytes).
    Removing stm32f1xx_hal_flash.o(i.HAL_FLASH_EndOfOperationCallback), (2 bytes).
    Removing stm32f1xx_hal_flash.o(i.HAL_FLASH_GetError), (12 bytes).
    Removing stm32f1xx_hal_flash.o(i.HAL_FLASH_IRQHandler), (384 bytes).
    Removing stm32f1xx_hal_flash.o(i.HAL_FLASH_Lock), (20 bytes).
    Removing stm32f1xx_hal_flash.o(i.HAL_FLASH_OB_Launch), (8 bytes).
    Removing stm32f1xx_hal_flash.o(i.HAL_FLASH_OB_Lock), (20 bytes).
    Removing stm32f1xx_hal_flash.o(i.HAL_FLASH_OB_Unlock), (44 bytes).
    Removing stm32f1xx_hal_flash.o(i.HAL_FLASH_OperationErrorCallback), (2 bytes).
    Removing stm32f1xx_hal_flash.o(i.HAL_FLASH_Program), (176 bytes).
    Removing stm32f1xx_hal_flash.o(i.HAL_FLASH_Program_IT), (124 bytes).
    Removing stm32f1xx_hal_flash.o(i.HAL_FLASH_Unlock), (48 bytes).
    Removing stm32f1xx_hal_flash.o(.bss), (32 bytes).
    Removing stm32f1xx_hal_flash_ex.o(.rev16_text), (4 bytes).
    Removing stm32f1xx_hal_flash_ex.o(.revsh_text), (4 bytes).
    Removing stm32f1xx_hal_flash_ex.o(.rrx_text), (6 bytes).
    Removing stm32f1xx_hal_flash_ex.o(i.FLASH_MassErase), (40 bytes).
    Removing stm32f1xx_hal_flash_ex.o(i.FLASH_OB_DisableWRP), (232 bytes).
    Removing stm32f1xx_hal_flash_ex.o(i.FLASH_OB_EnableWRP), (236 bytes).
    Removing stm32f1xx_hal_flash_ex.o(i.FLASH_OB_GetRDP), (28 bytes).
    Removing stm32f1xx_hal_flash_ex.o(i.FLASH_OB_GetUser), (16 bytes).
    Removing stm32f1xx_hal_flash_ex.o(i.FLASH_OB_GetWRP), (12 bytes).
    Removing stm32f1xx_hal_flash_ex.o(i.FLASH_OB_ProgramData), (76 bytes).
    Removing stm32f1xx_hal_flash_ex.o(i.FLASH_OB_RDP_LevelConfig), (124 bytes).
    Removing stm32f1xx_hal_flash_ex.o(i.FLASH_OB_UserConfig), (84 bytes).
    Removing stm32f1xx_hal_flash_ex.o(i.FLASH_PageErase), (40 bytes).
    Removing stm32f1xx_hal_flash_ex.o(i.HAL_FLASHEx_Erase), (176 bytes).
    Removing stm32f1xx_hal_flash_ex.o(i.HAL_FLASHEx_Erase_IT), (100 bytes).
    Removing stm32f1xx_hal_flash_ex.o(i.HAL_FLASHEx_OBErase), (96 bytes).
    Removing stm32f1xx_hal_flash_ex.o(i.HAL_FLASHEx_OBGetConfig), (28 bytes).
    Removing stm32f1xx_hal_flash_ex.o(i.HAL_FLASHEx_OBGetUserData), (40 bytes).
    Removing stm32f1xx_hal_flash_ex.o(i.HAL_FLASHEx_OBProgram), (200 bytes).
    Removing stm32f1xx_hal_exti.o(.rev16_text), (4 bytes).
    Removing stm32f1xx_hal_exti.o(.revsh_text), (4 bytes).
    Removing stm32f1xx_hal_exti.o(.rrx_text), (6 bytes).
    Removing stm32f1xx_hal_exti.o(i.HAL_EXTI_ClearConfigLine), (120 bytes).
    Removing stm32f1xx_hal_exti.o(i.HAL_EXTI_ClearPending), (28 bytes).
    Removing stm32f1xx_hal_exti.o(i.HAL_EXTI_GenerateSWI), (24 bytes).
    Removing stm32f1xx_hal_exti.o(i.HAL_EXTI_GetConfigLine), (160 bytes).
    Removing stm32f1xx_hal_exti.o(i.HAL_EXTI_GetHandle), (14 bytes).
    Removing stm32f1xx_hal_exti.o(i.HAL_EXTI_GetPending), (36 bytes).
    Removing stm32f1xx_hal_exti.o(i.HAL_EXTI_IRQHandler), (44 bytes).
    Removing stm32f1xx_hal_exti.o(i.HAL_EXTI_RegisterCallback), (20 bytes).
    Removing stm32f1xx_hal_exti.o(i.HAL_EXTI_SetConfigLine), (240 bytes).
    Removing stm32f1xx_hal_tim.o(.rev16_text), (4 bytes).
    Removing stm32f1xx_hal_tim.o(.revsh_text), (4 bytes).
    Removing stm32f1xx_hal_tim.o(.rrx_text), (6 bytes).
    Removing stm32f1xx_hal_tim_ex.o(.rev16_text), (4 bytes).
    Removing stm32f1xx_hal_tim_ex.o(.revsh_text), (4 bytes).
    Removing stm32f1xx_hal_tim_ex.o(.rrx_text), (6 bytes).
    Removing stm32f1xx_hal_uart.o(.rev16_text), (4 bytes).
    Removing stm32f1xx_hal_uart.o(.revsh_text), (4 bytes).
    Removing stm32f1xx_hal_uart.o(.rrx_text), (6 bytes).
    Removing stm32f1xx_hal_uart.o(i.HAL_HalfDuplex_EnableReceiver), (68 bytes).
    Removing stm32f1xx_hal_uart.o(i.HAL_HalfDuplex_EnableTransmitter), (68 bytes).
    Removing stm32f1xx_hal_uart.o(i.HAL_HalfDuplex_Init), (118 bytes).
    Removing stm32f1xx_hal_uart.o(i.HAL_LIN_Init), (142 bytes).
    Removing stm32f1xx_hal_uart.o(i.HAL_LIN_SendBreak), (62 bytes).
    Removing stm32f1xx_hal_uart.o(i.HAL_MultiProcessor_EnterMuteMode), (62 bytes).
    Removing stm32f1xx_hal_uart.o(i.HAL_MultiProcessor_ExitMuteMode), (62 bytes).
    Removing stm32f1xx_hal_uart.o(i.HAL_MultiProcessor_Init), (154 bytes).
    Removing stm32f1xx_hal_uart.o(i.HAL_UARTEx_ReceiveToIdle), (320 bytes).
    Removing stm32f1xx_hal_uart.o(i.HAL_UARTEx_ReceiveToIdle_DMA), (114 bytes).
    Removing stm32f1xx_hal_uart.o(i.HAL_UARTEx_ReceiveToIdle_IT), (114 bytes).
    Removing stm32f1xx_hal_uart.o(i.HAL_UARTEx_RxEventCallback), (2 bytes).
    Removing stm32f1xx_hal_uart.o(i.HAL_UART_Abort), (188 bytes).
    Removing stm32f1xx_hal_uart.o(i.HAL_UART_AbortCpltCallback), (2 bytes).
    Removing stm32f1xx_hal_uart.o(i.HAL_UART_AbortReceive), (122 bytes).
    Removing stm32f1xx_hal_uart.o(i.HAL_UART_AbortReceiveCpltCallback), (2 bytes).
    Removing stm32f1xx_hal_uart.o(i.HAL_UART_AbortReceive_IT), (144 bytes).
    Removing stm32f1xx_hal_uart.o(i.HAL_UART_AbortTransmit), (88 bytes).
    Removing stm32f1xx_hal_uart.o(i.HAL_UART_AbortTransmitCpltCallback), (2 bytes).
    Removing stm32f1xx_hal_uart.o(i.HAL_UART_AbortTransmit_IT), (108 bytes).
    Removing stm32f1xx_hal_uart.o(i.HAL_UART_Abort_IT), (240 bytes).
    Removing stm32f1xx_hal_uart.o(i.HAL_UART_DMAPause), (124 bytes).
    Removing stm32f1xx_hal_uart.o(i.HAL_UART_DMAResume), (126 bytes).
    Removing stm32f1xx_hal_uart.o(i.HAL_UART_DMAStop), (102 bytes).
    Removing stm32f1xx_hal_uart.o(i.HAL_UART_DeInit), (60 bytes).
    Removing stm32f1xx_hal_uart.o(i.HAL_UART_ErrorCallback), (2 bytes).
    Removing stm32f1xx_hal_uart.o(i.HAL_UART_GetError), (6 bytes).
    Removing stm32f1xx_hal_uart.o(i.HAL_UART_GetState), (20 bytes).
    Removing stm32f1xx_hal_uart.o(i.HAL_UART_IRQHandler), (588 bytes).
    Removing stm32f1xx_hal_uart.o(i.HAL_UART_MspDeInit), (2 bytes).
    Removing stm32f1xx_hal_uart.o(i.HAL_UART_MspInit), (2 bytes).
    Removing stm32f1xx_hal_uart.o(i.HAL_UART_Receive), (220 bytes).
    Removing stm32f1xx_hal_uart.o(i.HAL_UART_Receive_DMA), (66 bytes).
    Removing stm32f1xx_hal_uart.o(i.HAL_UART_Receive_IT), (66 bytes).
    Removing stm32f1xx_hal_uart.o(i.HAL_UART_RxCpltCallback), (2 bytes).
    Removing stm32f1xx_hal_uart.o(i.HAL_UART_RxHalfCpltCallback), (2 bytes).
    Removing stm32f1xx_hal_uart.o(i.HAL_UART_Transmit_DMA), (156 bytes).
    Removing stm32f1xx_hal_uart.o(i.HAL_UART_Transmit_IT), (88 bytes).
    Removing stm32f1xx_hal_uart.o(i.HAL_UART_TxCpltCallback), (2 bytes).
    Removing stm32f1xx_hal_uart.o(i.HAL_UART_TxHalfCpltCallback), (2 bytes).
    Removing stm32f1xx_hal_uart.o(i.UART_DMAAbortOnError), (20 bytes).
    Removing stm32f1xx_hal_uart.o(i.UART_DMAError), (80 bytes).
    Removing stm32f1xx_hal_uart.o(i.UART_DMAReceiveCplt), (104 bytes).
    Removing stm32f1xx_hal_uart.o(i.UART_DMARxAbortCallback), (56 bytes).
    Removing stm32f1xx_hal_uart.o(i.UART_DMARxHalfCplt), (32 bytes).
    Removing stm32f1xx_hal_uart.o(i.UART_DMARxOnlyAbortCallback), (28 bytes).
    Removing stm32f1xx_hal_uart.o(i.UART_DMATransmitCplt), (54 bytes).
    Removing stm32f1xx_hal_uart.o(i.UART_DMATxAbortCallback), (56 bytes).
    Removing stm32f1xx_hal_uart.o(i.UART_DMATxHalfCplt), (14 bytes).
    Removing stm32f1xx_hal_uart.o(i.UART_DMATxOnlyAbortCallback), (24 bytes).
    Removing stm32f1xx_hal_uart.o(i.UART_EndRxTransfer), (54 bytes).
    Removing stm32f1xx_hal_uart.o(i.UART_EndTransmit_IT), (32 bytes).
    Removing stm32f1xx_hal_uart.o(i.UART_EndTxTransfer), (20 bytes).
    Removing stm32f1xx_hal_uart.o(i.UART_Receive_IT), (228 bytes).
    Removing stm32f1xx_hal_uart.o(i.UART_Start_Receive_DMA), (152 bytes).
    Removing stm32f1xx_hal_uart.o(i.UART_Start_Receive_IT), (70 bytes).
    Removing stm32f1xx_hal_uart.o(i.UART_Transmit_IT), (96 bytes).
    Removing system_stm32f1xx.o(.rev16_text), (4 bytes).
    Removing system_stm32f1xx.o(.revsh_text), (4 bytes).
    Removing system_stm32f1xx.o(.rrx_text), (6 bytes).
    Removing system_stm32f1xx.o(i.SystemCoreClockUpdate), (164 bytes).
    Removing dadd.o(.text), (334 bytes).
    Removing dmul.o(.text), (228 bytes).
    Removing ddiv.o(.text), (222 bytes).
    Removing dfixul.o(.text), (48 bytes).
    Removing cdrcmple.o(.text), (48 bytes).
    Removing depilogue.o(.text), (186 bytes).

295 unused section(s) (total 32402 bytes) removed from the image.

==============================================================================

Image Symbol Table

    Local Symbols

    Symbol Name                              Value     Ov Type        Size  Object(Section)

    ../Core/Src/dma.c                        0x00000000   Number         0  dma.o ABSOLUTE
    ../Core/Src/gpio.c                       0x00000000   Number         0  gpio.o ABSOLUTE
    ../Core/Src/main.c                       0x00000000   Number         0  main.o ABSOLUTE
    ../Core/Src/spi.c                        0x00000000   Number         0  spi.o ABSOLUTE
    ../Core/Src/stm32f1xx_hal_msp.c          0x00000000   Number         0  stm32f1xx_hal_msp.o ABSOLUTE
    ../Core/Src/stm32f1xx_it.c               0x00000000   Number         0  stm32f1xx_it.o ABSOLUTE
    ../Core/Src/system_stm32f1xx.c           0x00000000   Number         0  system_stm32f1xx.o ABSOLUTE
    ../Core/Src/usart.c                      0x00000000   Number         0  usart.o ABSOLUTE
    ../Drivers/STM32F1xx_HAL_Driver/Src/stm32f1xx_hal.c 0x00000000   Number         0  stm32f1xx_hal.o ABSOLUTE
    ../Drivers/STM32F1xx_HAL_Driver/Src/stm32f1xx_hal_cortex.c 0x00000000   Number         0  stm32f1xx_hal_cortex.o ABSOLUTE
    ../Drivers/STM32F1xx_HAL_Driver/Src/stm32f1xx_hal_dma.c 0x00000000   Number         0  stm32f1xx_hal_dma.o ABSOLUTE
    ../Drivers/STM32F1xx_HAL_Driver/Src/stm32f1xx_hal_exti.c 0x00000000   Number         0  stm32f1xx_hal_exti.o ABSOLUTE
    ../Drivers/STM32F1xx_HAL_Driver/Src/stm32f1xx_hal_flash.c 0x00000000   Number         0  stm32f1xx_hal_flash.o ABSOLUTE
    ../Drivers/STM32F1xx_HAL_Driver/Src/stm32f1xx_hal_flash_ex.c 0x00000000   Number         0  stm32f1xx_hal_flash_ex.o ABSOLUTE
    ../Drivers/STM32F1xx_HAL_Driver/Src/stm32f1xx_hal_gpio.c 0x00000000   Number         0  stm32f1xx_hal_gpio.o ABSOLUTE
    ../Drivers/STM32F1xx_HAL_Driver/Src/stm32f1xx_hal_gpio_ex.c 0x00000000   Number         0  stm32f1xx_hal_gpio_ex.o ABSOLUTE
    ../Drivers/STM32F1xx_HAL_Driver/Src/stm32f1xx_hal_pwr.c 0x00000000   Number         0  stm32f1xx_hal_pwr.o ABSOLUTE
    ../Drivers/STM32F1xx_HAL_Driver/Src/stm32f1xx_hal_rcc.c 0x00000000   Number         0  stm32f1xx_hal_rcc.o ABSOLUTE
    ../Drivers/STM32F1xx_HAL_Driver/Src/stm32f1xx_hal_rcc_ex.c 0x00000000   Number         0  stm32f1xx_hal_rcc_ex.o ABSOLUTE
    ../Drivers/STM32F1xx_HAL_Driver/Src/stm32f1xx_hal_spi.c 0x00000000   Number         0  stm32f1xx_hal_spi.o ABSOLUTE
    ../Drivers/STM32F1xx_HAL_Driver/Src/stm32f1xx_hal_tim.c 0x00000000   Number         0  stm32f1xx_hal_tim.o ABSOLUTE
    ../Drivers/STM32F1xx_HAL_Driver/Src/stm32f1xx_hal_tim_ex.c 0x00000000   Number         0  stm32f1xx_hal_tim_ex.o ABSOLUTE
    ../Drivers/STM32F1xx_HAL_Driver/Src/stm32f1xx_hal_uart.c 0x00000000   Number         0  stm32f1xx_hal_uart.o ABSOLUTE
    ../clib/microlib/division.c              0x00000000   Number         0  uldiv.o ABSOLUTE
    ../clib/microlib/division.c              0x00000000   Number         0  uidiv.o ABSOLUTE
    ../clib/microlib/init/entry.s            0x00000000   Number         0  entry11b.o ABSOLUTE
    ../clib/microlib/init/entry.s            0x00000000   Number         0  entry11a.o ABSOLUTE
    ../clib/microlib/init/entry.s            0x00000000   Number         0  entry10b.o ABSOLUTE
    ../clib/microlib/init/entry.s            0x00000000   Number         0  entry.o ABSOLUTE
    ../clib/microlib/init/entry.s            0x00000000   Number         0  entry8b.o ABSOLUTE
    ../clib/microlib/init/entry.s            0x00000000   Number         0  entry8a.o ABSOLUTE
    ../clib/microlib/init/entry.s            0x00000000   Number         0  entry7a.o ABSOLUTE
    ../clib/microlib/init/entry.s            0x00000000   Number         0  entry9a.o ABSOLUTE
    ../clib/microlib/init/entry.s            0x00000000   Number         0  entry5.o ABSOLUTE
    ../clib/microlib/init/entry.s            0x00000000   Number         0  entry2.o ABSOLUTE
    ../clib/microlib/init/entry.s            0x00000000   Number         0  entry9b.o ABSOLUTE
    ../clib/microlib/init/entry.s            0x00000000   Number         0  entry10a.o ABSOLUTE
    ../clib/microlib/init/entry.s            0x00000000   Number         0  entry7b.o ABSOLUTE
    ../clib/microlib/longlong.c              0x00000000   Number         0  llsshr.o ABSOLUTE
    ../clib/microlib/longlong.c              0x00000000   Number         0  llshl.o ABSOLUTE
    ../clib/microlib/longlong.c              0x00000000   Number         0  llushr.o ABSOLUTE
    ../clib/microlib/printf/printf.c         0x00000000   Number         0  printf0.o ABSOLUTE
    ../clib/microlib/printf/printf.c         0x00000000   Number         0  printf7.o ABSOLUTE
    ../clib/microlib/printf/printf.c         0x00000000   Number         0  printf8.o ABSOLUTE
    ../clib/microlib/printf/printf.c         0x00000000   Number         0  printfa.o ABSOLUTE
    ../clib/microlib/printf/printf.c         0x00000000   Number         0  printf3.o ABSOLUTE
    ../clib/microlib/printf/printf.c         0x00000000   Number         0  printfb.o ABSOLUTE
    ../clib/microlib/printf/printf.c         0x00000000   Number         0  printf1.o ABSOLUTE
    ../clib/microlib/printf/printf.c         0x00000000   Number         0  printf2.o ABSOLUTE
    ../clib/microlib/printf/printf.c         0x00000000   Number         0  printf4.o ABSOLUTE
    ../clib/microlib/printf/printf.c         0x00000000   Number         0  printf5.o ABSOLUTE
    ../clib/microlib/printf/printf.c         0x00000000   Number         0  printf6.o ABSOLUTE
    ../clib/microlib/printf/stubs.s          0x00000000   Number         0  stubs.o ABSOLUTE
    ../clib/microlib/stdio/streams.c         0x00000000   Number         0  stdout.o ABSOLUTE
    ../clib/microlib/string/memset.c         0x00000000   Number         0  memseta.o ABSOLUTE
    ../clib/microlib/stubs.s                 0x00000000   Number         0  iusefp.o ABSOLUTE
    ../fplib/microlib/fpadd.c                0x00000000   Number         0  dadd.o ABSOLUTE
    ../fplib/microlib/fpdiv.c                0x00000000   Number         0  ddiv.o ABSOLUTE
    ../fplib/microlib/fpepilogue.c           0x00000000   Number         0  depilogue.o ABSOLUTE
    ../fplib/microlib/fpfix.c                0x00000000   Number         0  dfixul.o ABSOLUTE
    ../fplib/microlib/fpmul.c                0x00000000   Number         0  dmul.o ABSOLUTE
    ..\Core\Src\dma.c                        0x00000000   Number         0  dma.o ABSOLUTE
    ..\Core\Src\gpio.c                       0x00000000   Number         0  gpio.o ABSOLUTE
    ..\Core\Src\img.c                        0x00000000   Number         0  img.o ABSOLUTE
    ..\Core\Src\lcd_drv.c                    0x00000000   Number         0  lcd_drv.o ABSOLUTE
    ..\Core\Src\log.c                        0x00000000   Number         0  log.o ABSOLUTE
    ..\Core\Src\main.c                       0x00000000   Number         0  main.o ABSOLUTE
    ..\Core\Src\spi.c                        0x00000000   Number         0  spi.o ABSOLUTE
    ..\Core\Src\st7735.c                     0x00000000   Number         0  st7735.o ABSOLUTE
    ..\Core\Src\st7735_reg.c                 0x00000000   Number         0  st7735_reg.o ABSOLUTE
    ..\Core\Src\stm32f1xx_hal_msp.c          0x00000000   Number         0  stm32f1xx_hal_msp.o ABSOLUTE
    ..\Core\Src\stm32f1xx_it.c               0x00000000   Number         0  stm32f1xx_it.o ABSOLUTE
    ..\Core\Src\system_stm32f1xx.c           0x00000000   Number         0  system_stm32f1xx.o ABSOLUTE
    ..\Core\Src\usart.c                      0x00000000   Number         0  usart.o ABSOLUTE
    ..\Drivers\STM32F1xx_HAL_Driver\Src\stm32f1xx_hal.c 0x00000000   Number         0  stm32f1xx_hal.o ABSOLUTE
    ..\Drivers\STM32F1xx_HAL_Driver\Src\stm32f1xx_hal_cortex.c 0x00000000   Number         0  stm32f1xx_hal_cortex.o ABSOLUTE
    ..\Drivers\STM32F1xx_HAL_Driver\Src\stm32f1xx_hal_dma.c 0x00000000   Number         0  stm32f1xx_hal_dma.o ABSOLUTE
    ..\Drivers\STM32F1xx_HAL_Driver\Src\stm32f1xx_hal_exti.c 0x00000000   Number         0  stm32f1xx_hal_exti.o ABSOLUTE
    ..\Drivers\STM32F1xx_HAL_Driver\Src\stm32f1xx_hal_flash.c 0x00000000   Number         0  stm32f1xx_hal_flash.o ABSOLUTE
    ..\Drivers\STM32F1xx_HAL_Driver\Src\stm32f1xx_hal_flash_ex.c 0x00000000   Number         0  stm32f1xx_hal_flash_ex.o ABSOLUTE
    ..\Drivers\STM32F1xx_HAL_Driver\Src\stm32f1xx_hal_gpio.c 0x00000000   Number         0  stm32f1xx_hal_gpio.o ABSOLUTE
    ..\Drivers\STM32F1xx_HAL_Driver\Src\stm32f1xx_hal_gpio_ex.c 0x00000000   Number         0  stm32f1xx_hal_gpio_ex.o ABSOLUTE
    ..\Drivers\STM32F1xx_HAL_Driver\Src\stm32f1xx_hal_pwr.c 0x00000000   Number         0  stm32f1xx_hal_pwr.o ABSOLUTE
    ..\Drivers\STM32F1xx_HAL_Driver\Src\stm32f1xx_hal_rcc.c 0x00000000   Number         0  stm32f1xx_hal_rcc.o ABSOLUTE
    ..\Drivers\STM32F1xx_HAL_Driver\Src\stm32f1xx_hal_rcc_ex.c 0x00000000   Number         0  stm32f1xx_hal_rcc_ex.o ABSOLUTE
    ..\Drivers\STM32F1xx_HAL_Driver\Src\stm32f1xx_hal_spi.c 0x00000000   Number         0  stm32f1xx_hal_spi.o ABSOLUTE
    ..\Drivers\STM32F1xx_HAL_Driver\Src\stm32f1xx_hal_tim.c 0x00000000   Number         0  stm32f1xx_hal_tim.o ABSOLUTE
    ..\Drivers\STM32F1xx_HAL_Driver\Src\stm32f1xx_hal_tim_ex.c 0x00000000   Number         0  stm32f1xx_hal_tim_ex.o ABSOLUTE
    ..\Drivers\STM32F1xx_HAL_Driver\Src\stm32f1xx_hal_uart.c 0x00000000   Number         0  stm32f1xx_hal_uart.o ABSOLUTE
    ..\\Core\\Src\\lcd_drv.c                 0x00000000   Number         0  lcd_drv.o ABSOLUTE
    ..\\Core\\Src\\log.c                     0x00000000   Number         0  log.o ABSOLUTE
    cdrcmple.s                               0x00000000   Number         0  cdrcmple.o ABSOLUTE
    dc.s                                     0x00000000   Number         0  dc.o ABSOLUTE
    handlers.s                               0x00000000   Number         0  handlers.o ABSOLUTE
    init.s                                   0x00000000   Number         0  init.o ABSOLUTE
    startup_stm32f103xb.s                    0x00000000   Number         0  startup_stm32f103xb.o ABSOLUTE
    RESET                                    0x08000000   Section      236  startup_stm32f103xb.o(RESET)
    .ARM.Collect$$$$00000000                 0x080000ec   Section        0  entry.o(.ARM.Collect$$$$00000000)
    .ARM.Collect$$$$00000001                 0x080000ec   Section        4  entry2.o(.ARM.Collect$$$$00000001)
    .ARM.Collect$$$$00000004                 0x080000f0   Section        4  entry5.o(.ARM.Collect$$$$00000004)
    .ARM.Collect$$$$00000008                 0x080000f4   Section        0  entry7b.o(.ARM.Collect$$$$00000008)
    .ARM.Collect$$$$0000000A                 0x080000f4   Section        0  entry8b.o(.ARM.Collect$$$$0000000A)
    .ARM.Collect$$$$0000000B                 0x080000f4   Section        8  entry9a.o(.ARM.Collect$$$$0000000B)
    .ARM.Collect$$$$0000000D                 0x080000fc   Section        0  entry10a.o(.ARM.Collect$$$$0000000D)
    .ARM.Collect$$$$0000000F                 0x080000fc   Section        0  entry11a.o(.ARM.Collect$$$$0000000F)
    .ARM.Collect$$$$00002712                 0x080000fc   Section        4  entry2.o(.ARM.Collect$$$$00002712)
    __lit__00000000                          0x080000fc   Data           4  entry2.o(.ARM.Collect$$$$00002712)
    .text                                    0x08000100   Section       36  startup_stm32f103xb.o(.text)
    .text                                    0x08000124   Section        0  llushr.o(.text)
    .text                                    0x08000144   Section        0  memseta.o(.text)
    .text                                    0x08000168   Section        0  uldiv.o(.text)
    .text                                    0x080001cc   Section       36  init.o(.text)
    .text                                    0x080001f0   Section        0  llshl.o(.text)
    i.BusFault_Handler                       0x0800020e   Section        0  stm32f1xx_it.o(i.BusFault_Handler)
    i.DMA1_Channel4_IRQHandler               0x08000214   Section        0  stm32f1xx_it.o(i.DMA1_Channel4_IRQHandler)
    i.DMA1_Channel5_IRQHandler               0x08000224   Section        0  stm32f1xx_it.o(i.DMA1_Channel5_IRQHandler)
    i.DMA_SetConfig                          0x08000234   Section        0  stm32f1xx_hal_dma.o(i.DMA_SetConfig)
    DMA_SetConfig                            0x08000235   Thumb Code    44  stm32f1xx_hal_dma.o(i.DMA_SetConfig)
    i.DebugMon_Handler                       0x08000260   Section        0  stm32f1xx_it.o(i.DebugMon_Handler)
    i.Error_Handler                          0x08000262   Section        0  main.o(i.Error_Handler)
    i.HAL_DMA_IRQHandler                     0x08000268   Section        0  stm32f1xx_hal_dma.o(i.HAL_DMA_IRQHandler)
    i.HAL_DMA_Init                           0x08000404   Section        0  stm32f1xx_hal_dma.o(i.HAL_DMA_Init)
    i.HAL_DMA_Start_IT                       0x0800046c   Section        0  stm32f1xx_hal_dma.o(i.HAL_DMA_Start_IT)
    i.HAL_Delay                              0x08000508   Section        0  stm32f1xx_hal.o(i.HAL_Delay)
    i.HAL_GPIO_Init                          0x08000530   Section        0  stm32f1xx_hal_gpio.o(i.HAL_GPIO_Init)
    i.HAL_GPIO_WritePin                      0x08000850   Section        0  stm32f1xx_hal_gpio.o(i.HAL_GPIO_WritePin)
    i.HAL_GetTick                            0x0800085c   Section        0  stm32f1xx_hal.o(i.HAL_GetTick)
    i.HAL_IncTick                            0x08000868   Section        0  stm32f1xx_hal.o(i.HAL_IncTick)
    i.HAL_Init                               0x08000880   Section        0  stm32f1xx_hal.o(i.HAL_Init)
    i.HAL_InitTick                           0x080008a8   Section        0  stm32f1xx_hal.o(i.HAL_InitTick)
    i.HAL_MspInit                            0x080008f4   Section        0  stm32f1xx_hal_msp.o(i.HAL_MspInit)
    i.HAL_NVIC_EnableIRQ                     0x08000934   Section        0  stm32f1xx_hal_cortex.o(i.HAL_NVIC_EnableIRQ)
    i.HAL_NVIC_SetPriority                   0x08000954   Section        0  stm32f1xx_hal_cortex.o(i.HAL_NVIC_SetPriority)
    i.HAL_NVIC_SetPriorityGrouping           0x080009d0   Section        0  stm32f1xx_hal_cortex.o(i.HAL_NVIC_SetPriorityGrouping)
    i.HAL_RCC_ClockConfig                    0x080009f8   Section        0  stm32f1xx_hal_rcc.o(i.HAL_RCC_ClockConfig)
    i.HAL_RCC_GetHCLKFreq                    0x08000b84   Section        0  stm32f1xx_hal_rcc.o(i.HAL_RCC_GetHCLKFreq)
    i.HAL_RCC_GetPCLK1Freq                   0x08000b90   Section        0  stm32f1xx_hal_rcc.o(i.HAL_RCC_GetPCLK1Freq)
    i.HAL_RCC_GetPCLK2Freq                   0x08000bb0   Section        0  stm32f1xx_hal_rcc.o(i.HAL_RCC_GetPCLK2Freq)
    i.HAL_RCC_GetSysClockFreq                0x08000bd0   Section        0  stm32f1xx_hal_rcc.o(i.HAL_RCC_GetSysClockFreq)
    i.HAL_RCC_OscConfig                      0x08000c64   Section        0  stm32f1xx_hal_rcc.o(i.HAL_RCC_OscConfig)
    i.HAL_SPI_ErrorCallback                  0x080010c8   Section        0  stm32f1xx_hal_spi.o(i.HAL_SPI_ErrorCallback)
    i.HAL_SPI_Init                           0x080010ca   Section        0  stm32f1xx_hal_spi.o(i.HAL_SPI_Init)
    i.HAL_SPI_MspInit                        0x08001188   Section        0  spi.o(i.HAL_SPI_MspInit)
    i.HAL_SPI_Receive_DMA                    0x08001278   Section        0  stm32f1xx_hal_spi.o(i.HAL_SPI_Receive_DMA)
    i.HAL_SPI_RxCpltCallback                 0x08001394   Section        0  stm32f1xx_hal_spi.o(i.HAL_SPI_RxCpltCallback)
    i.HAL_SPI_RxHalfCpltCallback             0x08001396   Section        0  stm32f1xx_hal_spi.o(i.HAL_SPI_RxHalfCpltCallback)
    i.HAL_SPI_TransmitReceive_DMA            0x08001398   Section        0  stm32f1xx_hal_spi.o(i.HAL_SPI_TransmitReceive_DMA)
    i.HAL_SPI_Transmit_DMA                   0x08001504   Section        0  stm32f1xx_hal_spi.o(i.HAL_SPI_Transmit_DMA)
    i.HAL_SPI_TxCpltCallback                 0x08001600   Section        0  stm32f1xx_hal_spi.o(i.HAL_SPI_TxCpltCallback)
    i.HAL_SPI_TxHalfCpltCallback             0x08001602   Section        0  stm32f1xx_hal_spi.o(i.HAL_SPI_TxHalfCpltCallback)
    i.HAL_SPI_TxRxCpltCallback               0x08001604   Section        0  stm32f1xx_hal_spi.o(i.HAL_SPI_TxRxCpltCallback)
    i.HAL_SPI_TxRxHalfCpltCallback           0x08001606   Section        0  stm32f1xx_hal_spi.o(i.HAL_SPI_TxRxHalfCpltCallback)
    i.HAL_SYSTICK_Config                     0x08001608   Section        0  stm32f1xx_hal_cortex.o(i.HAL_SYSTICK_Config)
    i.HAL_UART_Init                          0x0800163c   Section        0  stm32f1xx_hal_uart.o(i.HAL_UART_Init)
    i.HAL_UART_MspInit                       0x080016b0   Section        0  usart.o(i.HAL_UART_MspInit)
    i.HAL_UART_Transmit                      0x08001734   Section        0  stm32f1xx_hal_uart.o(i.HAL_UART_Transmit)
    i.HardFault_Handler                      0x08001806   Section        0  stm32f1xx_it.o(i.HardFault_Handler)
    i.MX_DMA_Init                            0x0800180c   Section        0  dma.o(i.MX_DMA_Init)
    i.MX_GPIO_Init                           0x08001850   Section        0  gpio.o(i.MX_GPIO_Init)
    i.MX_SPI2_Init                           0x080018fc   Section        0  spi.o(i.MX_SPI2_Init)
    i.MX_USART2_UART_Init                    0x08001944   Section        0  usart.o(i.MX_USART2_UART_Init)
    i.MemManage_Handler                      0x0800197c   Section        0  stm32f1xx_it.o(i.MemManage_Handler)
    i.NMI_Handler                            0x08001980   Section        0  stm32f1xx_it.o(i.NMI_Handler)
    i.PendSV_Handler                         0x08001984   Section        0  stm32f1xx_it.o(i.PendSV_Handler)
    i.RCC_Delay                              0x08001988   Section        0  stm32f1xx_hal_rcc.o(i.RCC_Delay)
    RCC_Delay                                0x08001989   Thumb Code    36  stm32f1xx_hal_rcc.o(i.RCC_Delay)
    i.SPI_DMAError                           0x080019b0   Section        0  stm32f1xx_hal_spi.o(i.SPI_DMAError)
    SPI_DMAError                             0x080019b1   Thumb Code    40  stm32f1xx_hal_spi.o(i.SPI_DMAError)
    i.SPI_DMAHalfReceiveCplt                 0x080019d8   Section        0  stm32f1xx_hal_spi.o(i.SPI_DMAHalfReceiveCplt)
    SPI_DMAHalfReceiveCplt                   0x080019d9   Thumb Code    14  stm32f1xx_hal_spi.o(i.SPI_DMAHalfReceiveCplt)
    i.SPI_DMAHalfTransmitCplt                0x080019e6   Section        0  stm32f1xx_hal_spi.o(i.SPI_DMAHalfTransmitCplt)
    SPI_DMAHalfTransmitCplt                  0x080019e7   Thumb Code    14  stm32f1xx_hal_spi.o(i.SPI_DMAHalfTransmitCplt)
    i.SPI_DMAHalfTransmitReceiveCplt         0x080019f4   Section        0  stm32f1xx_hal_spi.o(i.SPI_DMAHalfTransmitReceiveCplt)
    SPI_DMAHalfTransmitReceiveCplt           0x080019f5   Thumb Code    14  stm32f1xx_hal_spi.o(i.SPI_DMAHalfTransmitReceiveCplt)
    i.SPI_DMAReceiveCplt                     0x08001a02   Section        0  stm32f1xx_hal_spi.o(i.SPI_DMAReceiveCplt)
    SPI_DMAReceiveCplt                       0x08001a03   Thumb Code   122  stm32f1xx_hal_spi.o(i.SPI_DMAReceiveCplt)
    i.SPI_DMATransmitCplt                    0x08001a7c   Section        0  stm32f1xx_hal_spi.o(i.SPI_DMATransmitCplt)
    SPI_DMATransmitCplt                      0x08001a7d   Thumb Code   126  stm32f1xx_hal_spi.o(i.SPI_DMATransmitCplt)
    i.SPI_DMATransmitReceiveCplt             0x08001afa   Section        0  stm32f1xx_hal_spi.o(i.SPI_DMATransmitReceiveCplt)
    SPI_DMATransmitReceiveCplt               0x08001afb   Thumb Code   102  stm32f1xx_hal_spi.o(i.SPI_DMATransmitReceiveCplt)
    i.SPI_EndRxTransaction                   0x08001b60   Section        0  stm32f1xx_hal_spi.o(i.SPI_EndRxTransaction)
    SPI_EndRxTransaction                     0x08001b61   Thumb Code   120  stm32f1xx_hal_spi.o(i.SPI_EndRxTransaction)
    i.SPI_EndRxTxTransaction                 0x08001bd8   Section        0  stm32f1xx_hal_spi.o(i.SPI_EndRxTxTransaction)
    SPI_EndRxTxTransaction                   0x08001bd9   Thumb Code    40  stm32f1xx_hal_spi.o(i.SPI_EndRxTxTransaction)
    i.SPI_WaitFlagStateUntilTimeout          0x08001c00   Section        0  stm32f1xx_hal_spi.o(i.SPI_WaitFlagStateUntilTimeout)
    SPI_WaitFlagStateUntilTimeout            0x08001c01   Thumb Code   210  stm32f1xx_hal_spi.o(i.SPI_WaitFlagStateUntilTimeout)
    i.ST7735_DeInit                          0x08001cd8   Section        0  st7735.o(i.ST7735_DeInit)
    i.ST7735_DisplayOff                      0x08001cde   Section        0  st7735.o(i.ST7735_DisplayOff)
    i.ST7735_DisplayOn                       0x08001d42   Section        0  st7735.o(i.ST7735_DisplayOn)
    i.ST7735_DrawBitmap                      0x08001da8   Section        0  st7735.o(i.ST7735_DrawBitmap)
    i.ST7735_DrawHLine                       0x08001e8c   Section        0  st7735.o(i.ST7735_DrawHLine)
    i.ST7735_DrawVLine                       0x08001f00   Section        0  st7735.o(i.ST7735_DrawVLine)
    i.ST7735_FillRGBRect                     0x08001f50   Section        0  st7735.o(i.ST7735_FillRGBRect)
    i.ST7735_FillRect                        0x0800200c   Section        0  st7735.o(i.ST7735_FillRect)
    i.ST7735_GetBrightness                   0x08002050   Section        0  st7735.o(i.ST7735_GetBrightness)
    i.ST7735_GetOrientation                  0x08002058   Section        0  st7735.o(i.ST7735_GetOrientation)
    i.ST7735_GetPixel                        0x08002068   Section        0  st7735.o(i.ST7735_GetPixel)
    i.ST7735_GetXSize                        0x080020d4   Section        0  st7735.o(i.ST7735_GetXSize)
    i.ST7735_GetYSize                        0x080020e4   Section        0  st7735.o(i.ST7735_GetYSize)
    i.ST7735_IO_Delay                        0x080020f4   Section        0  st7735.o(i.ST7735_IO_Delay)
    ST7735_IO_Delay                          0x080020f5   Thumb Code    28  st7735.o(i.ST7735_IO_Delay)
    i.ST7735_Init                            0x08002110   Section        0  st7735.o(i.ST7735_Init)
    i.ST7735_ReadID                          0x08002628   Section        0  st7735.o(i.ST7735_ReadID)
    i.ST7735_ReadRegWrap                     0x08002662   Section        0  st7735.o(i.ST7735_ReadRegWrap)
    ST7735_ReadRegWrap                       0x08002663   Thumb Code    24  st7735.o(i.ST7735_ReadRegWrap)
    i.ST7735_RecvDataWrap                    0x0800267a   Section        0  st7735.o(i.ST7735_RecvDataWrap)
    ST7735_RecvDataWrap                      0x0800267b   Thumb Code    24  st7735.o(i.ST7735_RecvDataWrap)
    i.ST7735_RegisterBusIO                   0x08002694   Section        0  st7735.o(i.ST7735_RegisterBusIO)
    i.ST7735_SendDataWrap                    0x080026f4   Section        0  st7735.o(i.ST7735_SendDataWrap)
    ST7735_SendDataWrap                      0x080026f5   Thumb Code    24  st7735.o(i.ST7735_SendDataWrap)
    i.ST7735_SetBrightness                   0x0800270c   Section        0  st7735.o(i.ST7735_SetBrightness)
    i.ST7735_SetCursor                       0x08002714   Section        0  st7735.o(i.ST7735_SetCursor)
    i.ST7735_SetDisplayWindow                0x080027c4   Section        0  st7735.o(i.ST7735_SetDisplayWindow)
    ST7735_SetDisplayWindow                  0x080027c5   Thumb Code   240  st7735.o(i.ST7735_SetDisplayWindow)
    i.ST7735_SetOrientation                  0x080028b4   Section        0  st7735.o(i.ST7735_SetOrientation)
    i.ST7735_SetPixel                        0x08002920   Section        0  st7735.o(i.ST7735_SetPixel)
    i.ST7735_WriteRegWrap                    0x0800298c   Section        0  st7735.o(i.ST7735_WriteRegWrap)
    ST7735_WriteRegWrap                      0x0800298d   Thumb Code    30  st7735.o(i.ST7735_WriteRegWrap)
    i.SVC_Handler                            0x080029aa   Section        0  stm32f1xx_it.o(i.SVC_Handler)
    i.SysTick_Handler                        0x080029ac   Section        0  stm32f1xx_it.o(i.SysTick_Handler)
    i.SystemClock_Config                     0x080029b4   Section        0  main.o(i.SystemClock_Config)
    i.SystemInit                             0x08002a1a   Section        0  system_stm32f1xx.o(i.SystemInit)
    i.UART_SetConfig                         0x08002a1c   Section        0  stm32f1xx_hal_uart.o(i.UART_SetConfig)
    UART_SetConfig                           0x08002a1d   Thumb Code   248  stm32f1xx_hal_uart.o(i.UART_SetConfig)
    i.UART_WaitOnFlagUntilTimeout            0x08002b18   Section        0  stm32f1xx_hal_uart.o(i.UART_WaitOnFlagUntilTimeout)
    UART_WaitOnFlagUntilTimeout              0x08002b19   Thumb Code   108  stm32f1xx_hal_uart.o(i.UART_WaitOnFlagUntilTimeout)
    i.UsageFault_Handler                     0x08002b84   Section        0  stm32f1xx_it.o(i.UsageFault_Handler)
    i.__0printf$8                            0x08002b88   Section        0  printf8.o(i.__0printf$8)
    i.__NVIC_GetPriorityGrouping             0x08002ba8   Section        0  stm32f1xx_hal_cortex.o(i.__NVIC_GetPriorityGrouping)
    __NVIC_GetPriorityGrouping               0x08002ba9   Thumb Code    10  stm32f1xx_hal_cortex.o(i.__NVIC_GetPriorityGrouping)
    i.__NVIC_SetPriority                     0x08002bb8   Section        0  stm32f1xx_hal_cortex.o(i.__NVIC_SetPriority)
    __NVIC_SetPriority                       0x08002bb9   Thumb Code    32  stm32f1xx_hal_cortex.o(i.__NVIC_SetPriority)
    i.__scatterload_copy                     0x08002be0   Section       14  handlers.o(i.__scatterload_copy)
    i.__scatterload_null                     0x08002bee   Section        2  handlers.o(i.__scatterload_null)
    i.__scatterload_zeroinit                 0x08002bf0   Section       14  handlers.o(i.__scatterload_zeroinit)
    i._printf_core                           0x08002c00   Section        0  printf8.o(i._printf_core)
    _printf_core                             0x08002c01   Thumb Code   996  printf8.o(i._printf_core)
    i._printf_post_padding                   0x08003010   Section        0  printf8.o(i._printf_post_padding)
    _printf_post_padding                     0x08003011   Thumb Code    36  printf8.o(i._printf_post_padding)
    i._printf_pre_padding                    0x08003034   Section        0  printf8.o(i._printf_pre_padding)
    _printf_pre_padding                      0x08003035   Thumb Code    46  printf8.o(i._printf_pre_padding)
    i.fputc                                  0x08003064   Section        0  log.o(i.fputc)
    i.lcd_deinit                             0x08003080   Section        0  lcd_drv.o(i.lcd_deinit)
    i.lcd_gettick                            0x08003090   Section        0  lcd_drv.o(i.lcd_gettick)
    i.lcd_init                               0x08003098   Section        0  lcd_drv.o(i.lcd_init)
    i.lcd_readreg                            0x080030ac   Section        0  lcd_drv.o(i.lcd_readreg)
    i.lcd_recvdata                           0x08003144   Section        0  lcd_drv.o(i.lcd_recvdata)
    i.lcd_senddata                           0x0800319c   Section        0  lcd_drv.o(i.lcd_senddata)
    i.lcd_writereg                           0x080031f8   Section        0  lcd_drv.o(i.lcd_writereg)
    i.main                                   0x0800329c   Section        0  main.o(i.main)
    i.mylcd_init                             0x080032f4   Section        0  lcd_drv.o(i.mylcd_init)
    i.mylcd_reset                            0x08003314   Section        0  lcd_drv.o(i.mylcd_reset)
    i.mylcd_startop                          0x08003374   Section        0  lcd_drv.o(i.mylcd_startop)
    i.mylcd_stopop                           0x08003388   Section        0  lcd_drv.o(i.mylcd_stopop)
    i.st7735_read_reg                        0x0800339c   Section        0  st7735_reg.o(i.st7735_read_reg)
    i.st7735_recv_data                       0x080033b0   Section        0  st7735_reg.o(i.st7735_recv_data)
    i.st7735_send_data                       0x080033c4   Section        0  st7735_reg.o(i.st7735_send_data)
    i.st7735_write_reg                       0x080033d8   Section        0  st7735_reg.o(i.st7735_write_reg)
    .constdata                               0x080033f6   Section       24  system_stm32f1xx.o(.constdata)
    .data                                    0x20000000   Section      108  st7735.o(.data)
    OrientationTab                           0x2000004c   Data          32  st7735.o(.data)
    .data                                    0x2000006c   Section       32  lcd_drv.o(.data)
    .data                                    0x2000008c   Section        9  stm32f1xx_hal.o(.data)
    .data                                    0x20000098   Section        4  system_stm32f1xx.o(.data)
    .data                                    0x2000009c   Section        4  stdout.o(.data)
    .bss                                     0x200000a0   Section     1292  st7735.o(.bss)
    ST7735Ctx                                0x200000a0   Data          12  st7735.o(.bss)
    pdata                                    0x200000ac   Data         640  st7735.o(.bss)
    pdata                                    0x2000032c   Data         640  st7735.o(.bss)
    .bss                                     0x200005ac   Section      224  spi.o(.bss)
    .bss                                     0x2000068c   Section       68  usart.o(.bss)
    .bss                                     0x200006d0   Section       56  lcd_drv.o(.bss)
    STACK                                    0x20000708   Section     1024  startup_stm32f103xb.o(STACK)

    Global Symbols

    Symbol Name                              Value     Ov Type        Size  Object(Section)

    BuildAttributes$$THM_ISAv4$P$D$K$B$S$PE$A:L22UL41UL21$X:L11$S22US41US21$IEEE1$IW$USESV6$~STKCKD$USESV7$~SHL$OSPACE$ROPI$EBA8$MICROLIB$REQ8$PRES8$EABIv2 0x00000000   Number         0  anon$$obj.o ABSOLUTE
    __ARM_use_no_argv                        0x00000000   Number         0  main.o ABSOLUTE
    _printf_a                                0x00000000   Number         0  stubs.o ABSOLUTE
    _printf_c                                0x00000000   Number         0  stubs.o ABSOLUTE
    _printf_charcount                        0x00000000   Number         0  stubs.o ABSOLUTE
    _printf_d                                0x00000000   Number         0  stubs.o ABSOLUTE
    _printf_e                                0x00000000   Number         0  stubs.o ABSOLUTE
    _printf_f                                0x00000000   Number         0  stubs.o ABSOLUTE
    _printf_flags                            0x00000000   Number         0  stubs.o ABSOLUTE
    _printf_fp_dec                           0x00000000   Number         0  stubs.o ABSOLUTE
    _printf_fp_hex                           0x00000000   Number         0  stubs.o ABSOLUTE
    _printf_g                                0x00000000   Number         0  stubs.o ABSOLUTE
    _printf_i                                0x00000000   Number         0  stubs.o ABSOLUTE
    _printf_int_dec                          0x00000000   Number         0  stubs.o ABSOLUTE
    _printf_l                                0x00000000   Number         0  stubs.o ABSOLUTE
    _printf_lc                               0x00000000   Number         0  stubs.o ABSOLUTE
    _printf_ll                               0x00000000   Number         0  stubs.o ABSOLUTE
    _printf_lld                              0x00000000   Number         0  stubs.o ABSOLUTE
    _printf_lli                              0x00000000   Number         0  stubs.o ABSOLUTE
    _printf_llo                              0x00000000   Number         0  stubs.o ABSOLUTE
    _printf_llu                              0x00000000   Number         0  stubs.o ABSOLUTE
    _printf_llx                              0x00000000   Number         0  stubs.o ABSOLUTE
    _printf_longlong_dec                     0x00000000   Number         0  stubs.o ABSOLUTE
    _printf_longlong_hex                     0x00000000   Number         0  stubs.o ABSOLUTE
    _printf_longlong_oct                     0x00000000   Number         0  stubs.o ABSOLUTE
    _printf_ls                               0x00000000   Number         0  stubs.o ABSOLUTE
    _printf_mbtowc                           0x00000000   Number         0  stubs.o ABSOLUTE
    _printf_n                                0x00000000   Number         0  stubs.o ABSOLUTE
    _printf_o                                0x00000000   Number         0  stubs.o ABSOLUTE
    _printf_p                                0x00000000   Number         0  stubs.o ABSOLUTE
    _printf_percent                          0x00000000   Number         0  stubs.o ABSOLUTE
    _printf_pre_padding                      0x00000000   Number         0  stubs.o ABSOLUTE
    _printf_return_value                     0x00000000   Number         0  stubs.o ABSOLUTE
    _printf_s                                0x00000000   Number         0  stubs.o ABSOLUTE
    _printf_sizespec                         0x00000000   Number         0  stubs.o ABSOLUTE
    _printf_str                              0x00000000   Number         0  stubs.o ABSOLUTE
    _printf_truncate_signed                  0x00000000   Number         0  stubs.o ABSOLUTE
    _printf_truncate_unsigned                0x00000000   Number         0  stubs.o ABSOLUTE
    _printf_u                                0x00000000   Number         0  stubs.o ABSOLUTE
    _printf_wc                               0x00000000   Number         0  stubs.o ABSOLUTE
    _printf_wctomb                           0x00000000   Number         0  stubs.o ABSOLUTE
    _printf_widthprec                        0x00000000   Number         0  stubs.o ABSOLUTE
    _printf_x                                0x00000000   Number         0  stubs.o ABSOLUTE
    __cpp_initialize__aeabi_                  - Undefined Weak Reference
    __cxa_finalize                            - Undefined Weak Reference
    __decompress                              - Undefined Weak Reference
    _clock_init                               - Undefined Weak Reference
    _microlib_exit                            - Undefined Weak Reference
    __Vectors_Size                           0x000000ec   Number         0  startup_stm32f103xb.o ABSOLUTE
    __Vectors                                0x08000000   Data           4  startup_stm32f103xb.o(RESET)
    __Vectors_End                            0x080000ec   Data           0  startup_stm32f103xb.o(RESET)
    __main                                   0x080000ed   Thumb Code     0  entry.o(.ARM.Collect$$$$00000000)
    _main_stk                                0x080000ed   Thumb Code     0  entry2.o(.ARM.Collect$$$$00000001)
    _main_scatterload                        0x080000f1   Thumb Code     0  entry5.o(.ARM.Collect$$$$00000004)
    __main_after_scatterload                 0x080000f5   Thumb Code     0  entry5.o(.ARM.Collect$$$$00000004)
    _main_clock                              0x080000f5   Thumb Code     0  entry7b.o(.ARM.Collect$$$$00000008)
    _main_cpp_init                           0x080000f5   Thumb Code     0  entry8b.o(.ARM.Collect$$$$0000000A)
    _main_init                               0x080000f5   Thumb Code     0  entry9a.o(.ARM.Collect$$$$0000000B)
    __rt_final_cpp                           0x080000fd   Thumb Code     0  entry10a.o(.ARM.Collect$$$$0000000D)
    __rt_final_exit                          0x080000fd   Thumb Code     0  entry11a.o(.ARM.Collect$$$$0000000F)
    Reset_Handler                            0x08000101   Thumb Code     8  startup_stm32f103xb.o(.text)
    ADC1_2_IRQHandler                        0x0800011b   Thumb Code     0  startup_stm32f103xb.o(.text)
    CAN1_RX1_IRQHandler                      0x0800011b   Thumb Code     0  startup_stm32f103xb.o(.text)
    CAN1_SCE_IRQHandler                      0x0800011b   Thumb Code     0  startup_stm32f103xb.o(.text)
    DMA1_Channel1_IRQHandler                 0x0800011b   Thumb Code     0  startup_stm32f103xb.o(.text)
    DMA1_Channel2_IRQHandler                 0x0800011b   Thumb Code     0  startup_stm32f103xb.o(.text)
    DMA1_Channel3_IRQHandler                 0x0800011b   Thumb Code     0  startup_stm32f103xb.o(.text)
    DMA1_Channel6_IRQHandler                 0x0800011b   Thumb Code     0  startup_stm32f103xb.o(.text)
    DMA1_Channel7_IRQHandler                 0x0800011b   Thumb Code     0  startup_stm32f103xb.o(.text)
    EXTI0_IRQHandler                         0x0800011b   Thumb Code     0  startup_stm32f103xb.o(.text)
    EXTI15_10_IRQHandler                     0x0800011b   Thumb Code     0  startup_stm32f103xb.o(.text)
    EXTI1_IRQHandler                         0x0800011b   Thumb Code     0  startup_stm32f103xb.o(.text)
    EXTI2_IRQHandler                         0x0800011b   Thumb Code     0  startup_stm32f103xb.o(.text)
    EXTI3_IRQHandler                         0x0800011b   Thumb Code     0  startup_stm32f103xb.o(.text)
    EXTI4_IRQHandler                         0x0800011b   Thumb Code     0  startup_stm32f103xb.o(.text)
    EXTI9_5_IRQHandler                       0x0800011b   Thumb Code     0  startup_stm32f103xb.o(.text)
    FLASH_IRQHandler                         0x0800011b   Thumb Code     0  startup_stm32f103xb.o(.text)
    I2C1_ER_IRQHandler                       0x0800011b   Thumb Code     0  startup_stm32f103xb.o(.text)
    I2C1_EV_IRQHandler                       0x0800011b   Thumb Code     0  startup_stm32f103xb.o(.text)
    I2C2_ER_IRQHandler                       0x0800011b   Thumb Code     0  startup_stm32f103xb.o(.text)
    I2C2_EV_IRQHandler                       0x0800011b   Thumb Code     0  startup_stm32f103xb.o(.text)
    PVD_IRQHandler                           0x0800011b   Thumb Code     0  startup_stm32f103xb.o(.text)
    RCC_IRQHandler                           0x0800011b   Thumb Code     0  startup_stm32f103xb.o(.text)
    RTC_Alarm_IRQHandler                     0x0800011b   Thumb Code     0  startup_stm32f103xb.o(.text)
    RTC_IRQHandler                           0x0800011b   Thumb Code     0  startup_stm32f103xb.o(.text)
    SPI1_IRQHandler                          0x0800011b   Thumb Code     0  startup_stm32f103xb.o(.text)
    SPI2_IRQHandler                          0x0800011b   Thumb Code     0  startup_stm32f103xb.o(.text)
    TAMPER_IRQHandler                        0x0800011b   Thumb Code     0  startup_stm32f103xb.o(.text)
    TIM1_BRK_IRQHandler                      0x0800011b   Thumb Code     0  startup_stm32f103xb.o(.text)
    TIM1_CC_IRQHandler                       0x0800011b   Thumb Code     0  startup_stm32f103xb.o(.text)
    TIM1_TRG_COM_IRQHandler                  0x0800011b   Thumb Code     0  startup_stm32f103xb.o(.text)
    TIM1_UP_IRQHandler                       0x0800011b   Thumb Code     0  startup_stm32f103xb.o(.text)
    TIM2_IRQHandler                          0x0800011b   Thumb Code     0  startup_stm32f103xb.o(.text)
    TIM3_IRQHandler                          0x0800011b   Thumb Code     0  startup_stm32f103xb.o(.text)
    TIM4_IRQHandler                          0x0800011b   Thumb Code     0  startup_stm32f103xb.o(.text)
    USART1_IRQHandler                        0x0800011b   Thumb Code     0  startup_stm32f103xb.o(.text)
    USART2_IRQHandler                        0x0800011b   Thumb Code     0  startup_stm32f103xb.o(.text)
    USART3_IRQHandler                        0x0800011b   Thumb Code     0  startup_stm32f103xb.o(.text)
    USBWakeUp_IRQHandler                     0x0800011b   Thumb Code     0  startup_stm32f103xb.o(.text)
    USB_HP_CAN1_TX_IRQHandler                0x0800011b   Thumb Code     0  startup_stm32f103xb.o(.text)
    USB_LP_CAN1_RX0_IRQHandler               0x0800011b   Thumb Code     0  startup_stm32f103xb.o(.text)
    WWDG_IRQHandler                          0x0800011b   Thumb Code     0  startup_stm32f103xb.o(.text)
    __aeabi_llsr                             0x08000125   Thumb Code    32  llushr.o(.text)
    _ll_ushift_r                             0x08000125   Thumb Code     0  llushr.o(.text)
    __aeabi_memset                           0x08000145   Thumb Code    14  memseta.o(.text)
    __aeabi_memset4                          0x08000145   Thumb Code     0  memseta.o(.text)
    __aeabi_memset8                          0x08000145   Thumb Code     0  memseta.o(.text)
    __aeabi_memclr                           0x08000153   Thumb Code     4  memseta.o(.text)
    __aeabi_memclr4                          0x08000153   Thumb Code     0  memseta.o(.text)
    __aeabi_memclr8                          0x08000153   Thumb Code     0  memseta.o(.text)
    _memset$wrapper                          0x08000157   Thumb Code    18  memseta.o(.text)
    __aeabi_uldivmod                         0x08000169   Thumb Code    98  uldiv.o(.text)
    __scatterload                            0x080001cd   Thumb Code    28  init.o(.text)
    __scatterload_rt2                        0x080001cd   Thumb Code     0  init.o(.text)
    __aeabi_llsl                             0x080001f1   Thumb Code    30  llshl.o(.text)
    _ll_shift_l                              0x080001f1   Thumb Code     0  llshl.o(.text)
    BusFault_Handler                         0x0800020f   Thumb Code     4  stm32f1xx_it.o(i.BusFault_Handler)
    DMA1_Channel4_IRQHandler                 0x08000215   Thumb Code    10  stm32f1xx_it.o(i.DMA1_Channel4_IRQHandler)
    DMA1_Channel5_IRQHandler                 0x08000225   Thumb Code    10  stm32f1xx_it.o(i.DMA1_Channel5_IRQHandler)
    DebugMon_Handler                         0x08000261   Thumb Code     2  stm32f1xx_it.o(i.DebugMon_Handler)
    Error_Handler                            0x08000263   Thumb Code     6  main.o(i.Error_Handler)
    HAL_DMA_IRQHandler                       0x08000269   Thumb Code   408  stm32f1xx_hal_dma.o(i.HAL_DMA_IRQHandler)
    HAL_DMA_Init                             0x08000405   Thumb Code   100  stm32f1xx_hal_dma.o(i.HAL_DMA_Init)
    HAL_DMA_Start_IT                         0x0800046d   Thumb Code   156  stm32f1xx_hal_dma.o(i.HAL_DMA_Start_IT)
    HAL_Delay                                0x08000509   Thumb Code    36  stm32f1xx_hal.o(i.HAL_Delay)
    HAL_GPIO_Init                            0x08000531   Thumb Code   766  stm32f1xx_hal_gpio.o(i.HAL_GPIO_Init)
    HAL_GPIO_WritePin                        0x08000851   Thumb Code    12  stm32f1xx_hal_gpio.o(i.HAL_GPIO_WritePin)
    HAL_GetTick                              0x0800085d   Thumb Code     6  stm32f1xx_hal.o(i.HAL_GetTick)
    HAL_IncTick                              0x08000869   Thumb Code    16  stm32f1xx_hal.o(i.HAL_IncTick)
    HAL_Init                                 0x08000881   Thumb Code    34  stm32f1xx_hal.o(i.HAL_Init)
    HAL_InitTick                             0x080008a9   Thumb Code    64  stm32f1xx_hal.o(i.HAL_InitTick)
    HAL_MspInit                              0x080008f5   Thumb Code    58  stm32f1xx_hal_msp.o(i.HAL_MspInit)
    HAL_NVIC_EnableIRQ                       0x08000935   Thumb Code    32  stm32f1xx_hal_cortex.o(i.HAL_NVIC_EnableIRQ)
    HAL_NVIC_SetPriority                     0x08000955   Thumb Code   124  stm32f1xx_hal_cortex.o(i.HAL_NVIC_SetPriority)
    HAL_NVIC_SetPriorityGrouping             0x080009d1   Thumb Code    32  stm32f1xx_hal_cortex.o(i.HAL_NVIC_SetPriorityGrouping)
    HAL_RCC_ClockConfig                      0x080009f9   Thumb Code   376  stm32f1xx_hal_rcc.o(i.HAL_RCC_ClockConfig)
    HAL_RCC_GetHCLKFreq                      0x08000b85   Thumb Code     6  stm32f1xx_hal_rcc.o(i.HAL_RCC_GetHCLKFreq)
    HAL_RCC_GetPCLK1Freq                     0x08000b91   Thumb Code    22  stm32f1xx_hal_rcc.o(i.HAL_RCC_GetPCLK1Freq)
    HAL_RCC_GetPCLK2Freq                     0x08000bb1   Thumb Code    22  stm32f1xx_hal_rcc.o(i.HAL_RCC_GetPCLK2Freq)
    HAL_RCC_GetSysClockFreq                  0x08000bd1   Thumb Code   116  stm32f1xx_hal_rcc.o(i.HAL_RCC_GetSysClockFreq)
    HAL_RCC_OscConfig                        0x08000c65   Thumb Code  1114  stm32f1xx_hal_rcc.o(i.HAL_RCC_OscConfig)
    HAL_SPI_ErrorCallback                    0x080010c9   Thumb Code     2  stm32f1xx_hal_spi.o(i.HAL_SPI_ErrorCallback)
    HAL_SPI_Init                             0x080010cb   Thumb Code   190  stm32f1xx_hal_spi.o(i.HAL_SPI_Init)
    HAL_SPI_MspInit                          0x08001189   Thumb Code   214  spi.o(i.HAL_SPI_MspInit)
    HAL_SPI_Receive_DMA                      0x08001279   Thumb Code   270  stm32f1xx_hal_spi.o(i.HAL_SPI_Receive_DMA)
    HAL_SPI_RxCpltCallback                   0x08001395   Thumb Code     2  stm32f1xx_hal_spi.o(i.HAL_SPI_RxCpltCallback)
    HAL_SPI_RxHalfCpltCallback               0x08001397   Thumb Code     2  stm32f1xx_hal_spi.o(i.HAL_SPI_RxHalfCpltCallback)
    HAL_SPI_TransmitReceive_DMA              0x08001399   Thumb Code   342  stm32f1xx_hal_spi.o(i.HAL_SPI_TransmitReceive_DMA)
    HAL_SPI_Transmit_DMA                     0x08001505   Thumb Code   240  stm32f1xx_hal_spi.o(i.HAL_SPI_Transmit_DMA)
    HAL_SPI_TxCpltCallback                   0x08001601   Thumb Code     2  stm32f1xx_hal_spi.o(i.HAL_SPI_TxCpltCallback)
    HAL_SPI_TxHalfCpltCallback               0x08001603   Thumb Code     2  stm32f1xx_hal_spi.o(i.HAL_SPI_TxHalfCpltCallback)
    HAL_SPI_TxRxCpltCallback                 0x08001605   Thumb Code     2  stm32f1xx_hal_spi.o(i.HAL_SPI_TxRxCpltCallback)
    HAL_SPI_TxRxHalfCpltCallback             0x08001607   Thumb Code     2  stm32f1xx_hal_spi.o(i.HAL_SPI_TxRxHalfCpltCallback)
    HAL_SYSTICK_Config                       0x08001609   Thumb Code    52  stm32f1xx_hal_cortex.o(i.HAL_SYSTICK_Config)
    HAL_UART_Init                            0x0800163d   Thumb Code   114  stm32f1xx_hal_uart.o(i.HAL_UART_Init)
    HAL_UART_MspInit                         0x080016b1   Thumb Code   120  usart.o(i.HAL_UART_MspInit)
    HAL_UART_Transmit                        0x08001735   Thumb Code   210  stm32f1xx_hal_uart.o(i.HAL_UART_Transmit)
    HardFault_Handler                        0x08001807   Thumb Code     4  stm32f1xx_it.o(i.HardFault_Handler)
    MX_DMA_Init                              0x0800180d   Thumb Code    64  dma.o(i.MX_DMA_Init)
    MX_GPIO_Init                             0x08001851   Thumb Code   156  gpio.o(i.MX_GPIO_Init)
    MX_SPI2_Init                             0x080018fd   Thumb Code    62  spi.o(i.MX_SPI2_Init)
    MX_USART2_UART_Init                      0x08001945   Thumb Code    46  usart.o(i.MX_USART2_UART_Init)
    MemManage_Handler                        0x0800197d   Thumb Code     4  stm32f1xx_it.o(i.MemManage_Handler)
    NMI_Handler                              0x08001981   Thumb Code     4  stm32f1xx_it.o(i.NMI_Handler)
    PendSV_Handler                           0x08001985   Thumb Code     2  stm32f1xx_it.o(i.PendSV_Handler)
    ST7735_DeInit                            0x08001cd9   Thumb Code     6  st7735.o(i.ST7735_DeInit)
    ST7735_DisplayOff                        0x08001cdf   Thumb Code   100  st7735.o(i.ST7735_DisplayOff)
    ST7735_DisplayOn                         0x08001d43   Thumb Code   100  st7735.o(i.ST7735_DisplayOn)
    ST7735_DrawBitmap                        0x08001da9   Thumb Code   218  st7735.o(i.ST7735_DrawBitmap)
    ST7735_DrawHLine                         0x08001e8d   Thumb Code   106  st7735.o(i.ST7735_DrawHLine)
    ST7735_DrawVLine                         0x08001f01   Thumb Code    74  st7735.o(i.ST7735_DrawVLine)
    ST7735_FillRGBRect                       0x08001f51   Thumb Code   150  st7735.o(i.ST7735_FillRGBRect)
    ST7735_FillRect                          0x0800200d   Thumb Code    68  st7735.o(i.ST7735_FillRect)
    ST7735_GetBrightness                     0x08002051   Thumb Code     8  st7735.o(i.ST7735_GetBrightness)
    ST7735_GetOrientation                    0x08002059   Thumb Code    12  st7735.o(i.ST7735_GetOrientation)
    ST7735_GetPixel                          0x08002069   Thumb Code   106  st7735.o(i.ST7735_GetPixel)
    ST7735_GetXSize                          0x080020d5   Thumb Code    12  st7735.o(i.ST7735_GetXSize)
    ST7735_GetYSize                          0x080020e5   Thumb Code    12  st7735.o(i.ST7735_GetYSize)
    ST7735_Init                              0x08002111   Thumb Code  1286  st7735.o(i.ST7735_Init)
    ST7735_ReadID                            0x08002629   Thumb Code    58  st7735.o(i.ST7735_ReadID)
    ST7735_RegisterBusIO                     0x08002695   Thumb Code    80  st7735.o(i.ST7735_RegisterBusIO)
    ST7735_SetBrightness                     0x0800270d   Thumb Code     8  st7735.o(i.ST7735_SetBrightness)
    ST7735_SetCursor                         0x08002715   Thumb Code   150  st7735.o(i.ST7735_SetCursor)
    ST7735_SetOrientation                    0x080028b5   Thumb Code   100  st7735.o(i.ST7735_SetOrientation)
    ST7735_SetPixel                          0x08002921   Thumb Code   102  st7735.o(i.ST7735_SetPixel)
    SVC_Handler                              0x080029ab   Thumb Code     2  stm32f1xx_it.o(i.SVC_Handler)
    SysTick_Handler                          0x080029ad   Thumb Code     8  stm32f1xx_it.o(i.SysTick_Handler)
    SystemClock_Config                       0x080029b5   Thumb Code   102  main.o(i.SystemClock_Config)
    SystemInit                               0x08002a1b   Thumb Code     2  system_stm32f1xx.o(i.SystemInit)
    UsageFault_Handler                       0x08002b85   Thumb Code     4  stm32f1xx_it.o(i.UsageFault_Handler)
    __0printf$8                              0x08002b89   Thumb Code    22  printf8.o(i.__0printf$8)
    __1printf$8                              0x08002b89   Thumb Code     0  printf8.o(i.__0printf$8)
    __2printf                                0x08002b89   Thumb Code     0  printf8.o(i.__0printf$8)
    __scatterload_copy                       0x08002be1   Thumb Code    14  handlers.o(i.__scatterload_copy)
    __scatterload_null                       0x08002bef   Thumb Code     2  handlers.o(i.__scatterload_null)
    __scatterload_zeroinit                   0x08002bf1   Thumb Code    14  handlers.o(i.__scatterload_zeroinit)
    fputc                                    0x08003065   Thumb Code    22  log.o(i.fputc)
    lcd_deinit                               0x08003081   Thumb Code    10  lcd_drv.o(i.lcd_deinit)
    lcd_gettick                              0x08003091   Thumb Code     8  lcd_drv.o(i.lcd_gettick)
    lcd_init                                 0x08003099   Thumb Code    14  lcd_drv.o(i.lcd_init)
    lcd_readreg                              0x080030ad   Thumb Code    76  lcd_drv.o(i.lcd_readreg)
    lcd_recvdata                             0x08003145   Thumb Code    42  lcd_drv.o(i.lcd_recvdata)
    lcd_senddata                             0x0800319d   Thumb Code    42  lcd_drv.o(i.lcd_senddata)
    lcd_writereg                             0x080031f9   Thumb Code    80  lcd_drv.o(i.lcd_writereg)
    main                                     0x0800329d   Thumb Code    82  main.o(i.main)
    mylcd_init                               0x080032f5   Thumb Code    24  lcd_drv.o(i.mylcd_init)
    mylcd_reset                              0x08003315   Thumb Code    92  lcd_drv.o(i.mylcd_reset)
    mylcd_startop                            0x08003375   Thumb Code    16  lcd_drv.o(i.mylcd_startop)
    mylcd_stopop                             0x08003389   Thumb Code    14  lcd_drv.o(i.mylcd_stopop)
    st7735_read_reg                          0x0800339d   Thumb Code    20  st7735_reg.o(i.st7735_read_reg)
    st7735_recv_data                         0x080033b1   Thumb Code    20  st7735_reg.o(i.st7735_recv_data)
    st7735_send_data                         0x080033c5   Thumb Code    20  st7735_reg.o(i.st7735_send_data)
    st7735_write_reg                         0x080033d9   Thumb Code    30  st7735_reg.o(i.st7735_write_reg)
    AHBPrescTable                            0x080033f6   Data          16  system_stm32f1xx.o(.constdata)
    APBPrescTable                            0x08003406   Data           8  system_stm32f1xx.o(.constdata)
    Region$$Table$$Base                      0x08003410   Number         0  anon$$obj.o(Region$$Table)
    Region$$Table$$Limit                     0x08003430   Number         0  anon$$obj.o(Region$$Table)
    ST7735_LCD_Driver                        0x20000000   Data          76  st7735.o(.data)
    st7735_io                                0x2000006c   Data          32  lcd_drv.o(.data)
    uwTick                                   0x2000008c   Data           4  stm32f1xx_hal.o(.data)
    uwTickPrio                               0x20000090   Data           4  stm32f1xx_hal.o(.data)
    uwTickFreq                               0x20000094   Data           1  stm32f1xx_hal.o(.data)
    SystemCoreClock                          0x20000098   Data           4  system_stm32f1xx.o(.data)
    __stdout                                 0x2000009c   Data           4  stdout.o(.data)
    hspi2                                    0x200005ac   Data          88  spi.o(.bss)
    hdma_spi2_rx                             0x20000604   Data          68  spi.o(.bss)
    hdma_spi2_tx                             0x20000648   Data          68  spi.o(.bss)
    huart2                                   0x2000068c   Data          68  usart.o(.bss)
    st7735                                   0x200006d0   Data          56  lcd_drv.o(.bss)
    __initial_sp                             0x20000b08   Data           0  startup_stm32f103xb.o(STACK)



==============================================================================

Memory Map of the image

  Image Entry point : 0x080000ed

  Load Region LR_IROM1 (Base: 0x08000000, Size: 0x000034d0, Max: 0x00010000, ABSOLUTE)

    Execution Region ER_IROM1 (Exec base: 0x08000000, Load base: 0x08000000, Size: 0x00003430, Max: 0x00010000, ABSOLUTE)

    Exec Addr    Load Addr    Size         Type   Attr      Idx    E Section Name        Object

    0x08000000   0x08000000   0x000000ec   Data   RO            3    RESET               startup_stm32f103xb.o
    0x080000ec   0x080000ec   0x00000000   Code   RO         2528  * .ARM.Collect$$$$00000000  mc_w.l(entry.o)
    0x080000ec   0x080000ec   0x00000004   Code   RO         2796    .ARM.Collect$$$$00000001  mc_w.l(entry2.o)
    0x080000f0   0x080000f0   0x00000004   Code   RO         2799    .ARM.Collect$$$$00000004  mc_w.l(entry5.o)
    0x080000f4   0x080000f4   0x00000000   Code   RO         2801    .ARM.Collect$$$$00000008  mc_w.l(entry7b.o)
    0x080000f4   0x080000f4   0x00000000   Code   RO         2803    .ARM.Collect$$$$0000000A  mc_w.l(entry8b.o)
    0x080000f4   0x080000f4   0x00000008   Code   RO         2804    .ARM.Collect$$$$0000000B  mc_w.l(entry9a.o)
    0x080000fc   0x080000fc   0x00000000   Code   RO         2806    .ARM.Collect$$$$0000000D  mc_w.l(entry10a.o)
    0x080000fc   0x080000fc   0x00000000   Code   RO         2808    .ARM.Collect$$$$0000000F  mc_w.l(entry11a.o)
    0x080000fc   0x080000fc   0x00000004   Code   RO         2797    .ARM.Collect$$$$00002712  mc_w.l(entry2.o)
    0x08000100   0x08000100   0x00000024   Code   RO            4    .text               startup_stm32f103xb.o
    0x08000124   0x08000124   0x00000020   Code   RO         2531    .text               mc_w.l(llushr.o)
    0x08000144   0x08000144   0x00000024   Code   RO         2533    .text               mc_w.l(memseta.o)
    0x08000168   0x08000168   0x00000062   Code   RO         2813    .text               mc_w.l(uldiv.o)
    0x080001ca   0x080001ca   0x00000002   PAD
    0x080001cc   0x080001cc   0x00000024   Code   RO         2826    .text               mc_w.l(init.o)
    0x080001f0   0x080001f0   0x0000001e   Code   RO         2828    .text               mc_w.l(llshl.o)
    0x0800020e   0x0800020e   0x00000004   Code   RO          513    i.BusFault_Handler  stm32f1xx_it.o
    0x08000212   0x08000212   0x00000002   PAD
    0x08000214   0x08000214   0x00000010   Code   RO          514    i.DMA1_Channel4_IRQHandler  stm32f1xx_it.o
    0x08000224   0x08000224   0x00000010   Code   RO          515    i.DMA1_Channel5_IRQHandler  stm32f1xx_it.o
    0x08000234   0x08000234   0x0000002c   Code   RO         1468    i.DMA_SetConfig     stm32f1xx_hal_dma.o
    0x08000260   0x08000260   0x00000002   Code   RO          516    i.DebugMon_Handler  stm32f1xx_it.o
    0x08000262   0x08000262   0x00000006   Code   RO          326    i.Error_Handler     main.o
    0x08000268   0x08000268   0x0000019c   Code   RO         1474    i.HAL_DMA_IRQHandler  stm32f1xx_hal_dma.o
    0x08000404   0x08000404   0x00000068   Code   RO         1475    i.HAL_DMA_Init      stm32f1xx_hal_dma.o
    0x0800046c   0x0800046c   0x0000009c   Code   RO         1479    i.HAL_DMA_Start_IT  stm32f1xx_hal_dma.o
    0x08000508   0x08000508   0x00000028   Code   RO         1092    i.HAL_Delay         stm32f1xx_hal.o
    0x08000530   0x08000530   0x00000320   Code   RO         1405    i.HAL_GPIO_Init     stm32f1xx_hal_gpio.o
    0x08000850   0x08000850   0x0000000c   Code   RO         1409    i.HAL_GPIO_WritePin  stm32f1xx_hal_gpio.o
    0x0800085c   0x0800085c   0x0000000c   Code   RO         1096    i.HAL_GetTick       stm32f1xx_hal.o
    0x08000868   0x08000868   0x00000018   Code   RO         1102    i.HAL_IncTick       stm32f1xx_hal.o
    0x08000880   0x08000880   0x00000028   Code   RO         1103    i.HAL_Init          stm32f1xx_hal.o
    0x080008a8   0x080008a8   0x0000004c   Code   RO         1104    i.HAL_InitTick      stm32f1xx_hal.o
    0x080008f4   0x080008f4   0x00000040   Code   RO          601    i.HAL_MspInit       stm32f1xx_hal_msp.o
    0x08000934   0x08000934   0x00000020   Code   RO         1565    i.HAL_NVIC_EnableIRQ  stm32f1xx_hal_cortex.o
    0x08000954   0x08000954   0x0000007c   Code   RO         1571    i.HAL_NVIC_SetPriority  stm32f1xx_hal_cortex.o
    0x080009d0   0x080009d0   0x00000028   Code   RO         1572    i.HAL_NVIC_SetPriorityGrouping  stm32f1xx_hal_cortex.o
    0x080009f8   0x080009f8   0x0000018c   Code   RO         1260    i.HAL_RCC_ClockConfig  stm32f1xx_hal_rcc.o
    0x08000b84   0x08000b84   0x0000000c   Code   RO         1265    i.HAL_RCC_GetHCLKFreq  stm32f1xx_hal_rcc.o
    0x08000b90   0x08000b90   0x00000020   Code   RO         1267    i.HAL_RCC_GetPCLK1Freq  stm32f1xx_hal_rcc.o
    0x08000bb0   0x08000bb0   0x00000020   Code   RO         1268    i.HAL_RCC_GetPCLK2Freq  stm32f1xx_hal_rcc.o
    0x08000bd0   0x08000bd0   0x00000094   Code   RO         1269    i.HAL_RCC_GetSysClockFreq  stm32f1xx_hal_rcc.o
    0x08000c64   0x08000c64   0x00000464   Code   RO         1272    i.HAL_RCC_OscConfig  stm32f1xx_hal_rcc.o
    0x080010c8   0x080010c8   0x00000002   Code   RO          770    i.HAL_SPI_ErrorCallback  stm32f1xx_hal_spi.o
    0x080010ca   0x080010ca   0x000000be   Code   RO          774    i.HAL_SPI_Init      stm32f1xx_hal_spi.o
    0x08001188   0x08001188   0x000000f0   Code   RO          430    i.HAL_SPI_MspInit   spi.o
    0x08001278   0x08001278   0x0000011c   Code   RO          778    i.HAL_SPI_Receive_DMA  stm32f1xx_hal_spi.o
    0x08001394   0x08001394   0x00000002   Code   RO          780    i.HAL_SPI_RxCpltCallback  stm32f1xx_hal_spi.o
    0x08001396   0x08001396   0x00000002   Code   RO          781    i.HAL_SPI_RxHalfCpltCallback  stm32f1xx_hal_spi.o
    0x08001398   0x08001398   0x0000016c   Code   RO          784    i.HAL_SPI_TransmitReceive_DMA  stm32f1xx_hal_spi.o
    0x08001504   0x08001504   0x000000fc   Code   RO          786    i.HAL_SPI_Transmit_DMA  stm32f1xx_hal_spi.o
    0x08001600   0x08001600   0x00000002   Code   RO          788    i.HAL_SPI_TxCpltCallback  stm32f1xx_hal_spi.o
    0x08001602   0x08001602   0x00000002   Code   RO          789    i.HAL_SPI_TxHalfCpltCallback  stm32f1xx_hal_spi.o
    0x08001604   0x08001604   0x00000002   Code   RO          790    i.HAL_SPI_TxRxCpltCallback  stm32f1xx_hal_spi.o
    0x08001606   0x08001606   0x00000002   Code   RO          791    i.HAL_SPI_TxRxHalfCpltCallback  stm32f1xx_hal_spi.o
    0x08001608   0x08001608   0x00000034   Code   RO         1576    i.HAL_SYSTICK_Config  stm32f1xx_hal_cortex.o
    0x0800163c   0x0800163c   0x00000072   Code   RO         2156    i.HAL_UART_Init     stm32f1xx_hal_uart.o
    0x080016ae   0x080016ae   0x00000002   PAD
    0x080016b0   0x080016b0   0x00000084   Code   RO          472    i.HAL_UART_MspInit  usart.o
    0x08001734   0x08001734   0x000000d2   Code   RO         2164    i.HAL_UART_Transmit  stm32f1xx_hal_uart.o
    0x08001806   0x08001806   0x00000004   Code   RO          517    i.HardFault_Handler  stm32f1xx_it.o
    0x0800180a   0x0800180a   0x00000002   PAD
    0x0800180c   0x0800180c   0x00000044   Code   RO          405    i.MX_DMA_Init       dma.o
    0x08001850   0x08001850   0x000000ac   Code   RO          381    i.MX_GPIO_Init      gpio.o
    0x080018fc   0x080018fc   0x00000048   Code   RO          431    i.MX_SPI2_Init      spi.o
    0x08001944   0x08001944   0x00000038   Code   RO          473    i.MX_USART2_UART_Init  usart.o
    0x0800197c   0x0800197c   0x00000004   Code   RO          518    i.MemManage_Handler  stm32f1xx_it.o
    0x08001980   0x08001980   0x00000004   Code   RO          519    i.NMI_Handler       stm32f1xx_it.o
    0x08001984   0x08001984   0x00000002   Code   RO          520    i.PendSV_Handler    stm32f1xx_it.o
    0x08001986   0x08001986   0x00000002   PAD
    0x08001988   0x08001988   0x00000028   Code   RO         1273    i.RCC_Delay         stm32f1xx_hal_rcc.o
    0x080019b0   0x080019b0   0x00000028   Code   RO          802    i.SPI_DMAError      stm32f1xx_hal_spi.o
    0x080019d8   0x080019d8   0x0000000e   Code   RO          803    i.SPI_DMAHalfReceiveCplt  stm32f1xx_hal_spi.o
    0x080019e6   0x080019e6   0x0000000e   Code   RO          804    i.SPI_DMAHalfTransmitCplt  stm32f1xx_hal_spi.o
    0x080019f4   0x080019f4   0x0000000e   Code   RO          805    i.SPI_DMAHalfTransmitReceiveCplt  stm32f1xx_hal_spi.o
    0x08001a02   0x08001a02   0x0000007a   Code   RO          806    i.SPI_DMAReceiveCplt  stm32f1xx_hal_spi.o
    0x08001a7c   0x08001a7c   0x0000007e   Code   RO          808    i.SPI_DMATransmitCplt  stm32f1xx_hal_spi.o
    0x08001afa   0x08001afa   0x00000066   Code   RO          809    i.SPI_DMATransmitReceiveCplt  stm32f1xx_hal_spi.o
    0x08001b60   0x08001b60   0x00000078   Code   RO          811    i.SPI_EndRxTransaction  stm32f1xx_hal_spi.o
    0x08001bd8   0x08001bd8   0x00000028   Code   RO          812    i.SPI_EndRxTxTransaction  stm32f1xx_hal_spi.o
    0x08001c00   0x08001c00   0x000000d8   Code   RO          817    i.SPI_WaitFlagStateUntilTimeout  stm32f1xx_hal_spi.o
    0x08001cd8   0x08001cd8   0x00000006   Code   RO          127    i.ST7735_DeInit     st7735.o
    0x08001cde   0x08001cde   0x00000064   Code   RO          128    i.ST7735_DisplayOff  st7735.o
    0x08001d42   0x08001d42   0x00000064   Code   RO          129    i.ST7735_DisplayOn  st7735.o
    0x08001da6   0x08001da6   0x00000002   PAD
    0x08001da8   0x08001da8   0x000000e4   Code   RO          130    i.ST7735_DrawBitmap  st7735.o
    0x08001e8c   0x08001e8c   0x00000074   Code   RO          131    i.ST7735_DrawHLine  st7735.o
    0x08001f00   0x08001f00   0x00000050   Code   RO          132    i.ST7735_DrawVLine  st7735.o
    0x08001f50   0x08001f50   0x000000bc   Code   RO          133    i.ST7735_FillRGBRect  st7735.o
    0x0800200c   0x0800200c   0x00000044   Code   RO          134    i.ST7735_FillRect   st7735.o
    0x08002050   0x08002050   0x00000008   Code   RO          135    i.ST7735_GetBrightness  st7735.o
    0x08002058   0x08002058   0x00000010   Code   RO          136    i.ST7735_GetOrientation  st7735.o
    0x08002068   0x08002068   0x0000006a   Code   RO          137    i.ST7735_GetPixel   st7735.o
    0x080020d2   0x080020d2   0x00000002   PAD
    0x080020d4   0x080020d4   0x00000010   Code   RO          138    i.ST7735_GetXSize   st7735.o
    0x080020e4   0x080020e4   0x00000010   Code   RO          139    i.ST7735_GetYSize   st7735.o
    0x080020f4   0x080020f4   0x0000001c   Code   RO          140    i.ST7735_IO_Delay   st7735.o
    0x08002110   0x08002110   0x00000518   Code   RO          141    i.ST7735_Init       st7735.o
    0x08002628   0x08002628   0x0000003a   Code   RO          142    i.ST7735_ReadID     st7735.o
    0x08002662   0x08002662   0x00000018   Code   RO          143    i.ST7735_ReadRegWrap  st7735.o
    0x0800267a   0x0800267a   0x00000018   Code   RO          144    i.ST7735_RecvDataWrap  st7735.o
    0x08002692   0x08002692   0x00000002   PAD
    0x08002694   0x08002694   0x00000060   Code   RO          145    i.ST7735_RegisterBusIO  st7735.o
    0x080026f4   0x080026f4   0x00000018   Code   RO          146    i.ST7735_SendDataWrap  st7735.o
    0x0800270c   0x0800270c   0x00000008   Code   RO          147    i.ST7735_SetBrightness  st7735.o
    0x08002714   0x08002714   0x000000b0   Code   RO          148    i.ST7735_SetCursor  st7735.o
    0x080027c4   0x080027c4   0x000000f0   Code   RO          149    i.ST7735_SetDisplayWindow  st7735.o
    0x080028b4   0x080028b4   0x0000006c   Code   RO          150    i.ST7735_SetOrientation  st7735.o
    0x08002920   0x08002920   0x0000006c   Code   RO          151    i.ST7735_SetPixel   st7735.o
    0x0800298c   0x0800298c   0x0000001e   Code   RO          152    i.ST7735_WriteRegWrap  st7735.o
    0x080029aa   0x080029aa   0x00000002   Code   RO          521    i.SVC_Handler       stm32f1xx_it.o
    0x080029ac   0x080029ac   0x00000008   Code   RO          522    i.SysTick_Handler   stm32f1xx_it.o
    0x080029b4   0x080029b4   0x00000066   Code   RO          327    i.SystemClock_Config  main.o
    0x08002a1a   0x08002a1a   0x00000002   Code   RO         2495    i.SystemInit        system_stm32f1xx.o
    0x08002a1c   0x08002a1c   0x000000fc   Code   RO         2183    i.UART_SetConfig    stm32f1xx_hal_uart.o
    0x08002b18   0x08002b18   0x0000006c   Code   RO         2187    i.UART_WaitOnFlagUntilTimeout  stm32f1xx_hal_uart.o
    0x08002b84   0x08002b84   0x00000004   Code   RO          523    i.UsageFault_Handler  stm32f1xx_it.o
    0x08002b88   0x08002b88   0x00000020   Code   RO         2742    i.__0printf$8       mc_w.l(printf8.o)
    0x08002ba8   0x08002ba8   0x00000010   Code   RO         1578    i.__NVIC_GetPriorityGrouping  stm32f1xx_hal_cortex.o
    0x08002bb8   0x08002bb8   0x00000028   Code   RO         1579    i.__NVIC_SetPriority  stm32f1xx_hal_cortex.o
    0x08002be0   0x08002be0   0x0000000e   Code   RO         2836    i.__scatterload_copy  mc_w.l(handlers.o)
    0x08002bee   0x08002bee   0x00000002   Code   RO         2837    i.__scatterload_null  mc_w.l(handlers.o)
    0x08002bf0   0x08002bf0   0x0000000e   Code   RO         2838    i.__scatterload_zeroinit  mc_w.l(handlers.o)
    0x08002bfe   0x08002bfe   0x00000002   PAD
    0x08002c00   0x08002c00   0x00000410   Code   RO         2749    i._printf_core      mc_w.l(printf8.o)
    0x08003010   0x08003010   0x00000024   Code   RO         2750    i._printf_post_padding  mc_w.l(printf8.o)
    0x08003034   0x08003034   0x0000002e   Code   RO         2751    i._printf_pre_padding  mc_w.l(printf8.o)
    0x08003062   0x08003062   0x00000002   PAD
    0x08003064   0x08003064   0x0000001c   Code   RO           13    i.fputc             log.o
    0x08003080   0x08003080   0x00000010   Code   RO          625    i.lcd_deinit        lcd_drv.o
    0x08003090   0x08003090   0x00000008   Code   RO          626    i.lcd_gettick       lcd_drv.o
    0x08003098   0x08003098   0x00000014   Code   RO          627    i.lcd_init          lcd_drv.o
    0x080030ac   0x080030ac   0x00000098   Code   RO          628    i.lcd_readreg       lcd_drv.o
    0x08003144   0x08003144   0x00000058   Code   RO          629    i.lcd_recvdata      lcd_drv.o
    0x0800319c   0x0800319c   0x0000005c   Code   RO          630    i.lcd_senddata      lcd_drv.o
    0x080031f8   0x080031f8   0x000000a4   Code   RO          631    i.lcd_writereg      lcd_drv.o
    0x0800329c   0x0800329c   0x00000058   Code   RO          328    i.main              main.o
    0x080032f4   0x080032f4   0x00000020   Code   RO          632    i.mylcd_init        lcd_drv.o
    0x08003314   0x08003314   0x00000060   Code   RO          633    i.mylcd_reset       lcd_drv.o
    0x08003374   0x08003374   0x00000014   Code   RO          634    i.mylcd_startop     lcd_drv.o
    0x08003388   0x08003388   0x00000014   Code   RO          635    i.mylcd_stopop      lcd_drv.o
    0x0800339c   0x0800339c   0x00000014   Code   RO          293    i.st7735_read_reg   st7735_reg.o
    0x080033b0   0x080033b0   0x00000014   Code   RO          294    i.st7735_recv_data  st7735_reg.o
    0x080033c4   0x080033c4   0x00000014   Code   RO          295    i.st7735_send_data  st7735_reg.o
    0x080033d8   0x080033d8   0x0000001e   Code   RO          296    i.st7735_write_reg  st7735_reg.o
    0x080033f6   0x080033f6   0x00000018   Data   RO         2496    .constdata          system_stm32f1xx.o
    0x0800340e   0x0800340e   0x00000002   PAD
    0x08003410   0x08003410   0x00000020   Data   RO         2834    Region$$Table       anon$$obj.o


    Execution Region RW_IRAM1 (Exec base: 0x20000000, Load base: 0x08003430, Size: 0x00000b08, Max: 0x00005000, ABSOLUTE)

    Exec Addr    Load Addr    Size         Type   Attr      Idx    E Section Name        Object

    0x20000000   0x08003430   0x0000006c   Data   RW          154    .data               st7735.o
    0x2000006c   0x0800349c   0x00000020   Data   RW          637    .data               lcd_drv.o
    0x2000008c   0x080034bc   0x00000009   Data   RW         1110    .data               stm32f1xx_hal.o
    0x20000095   0x080034c5   0x00000003   PAD
    0x20000098   0x080034c8   0x00000004   Data   RW         2497    .data               system_stm32f1xx.o
    0x2000009c   0x080034cc   0x00000004   Data   RW         2810    .data               mc_w.l(stdout.o)
    0x200000a0        -       0x0000050c   Zero   RW          153    .bss                st7735.o
    0x200005ac        -       0x000000e0   Zero   RW          432    .bss                spi.o
    0x2000068c        -       0x00000044   Zero   RW          474    .bss                usart.o
    0x200006d0        -       0x00000038   Zero   RW          636    .bss                lcd_drv.o
    0x20000708        -       0x00000400   Zero   RW            1    STACK               startup_stm32f103xb.o


==============================================================================

Image component sizes


      Code (inc. data)   RO Data    RW Data    ZI Data      Debug   Object Name

        68          4          0          0          0        706   dma.o
       172         16          0          0          0        875   gpio.o
       708        290          0         32         56       5978   lcd_drv.o
        28          6          0          0          0     401216   log.o
       196          6          0          0          0       3740   main.o
       312         36          0          0        224       1699   spi.o
      3276        150          0        108       1292      22398   st7735.o
        90          0          0          0          0       2727   st7735_reg.o
        36          8        236          0       1024        780   startup_stm32f103xb.o
       192         36          0          9          0       5713   stm32f1xx_hal.o
       304         22          0          0          0      29255   stm32f1xx_hal_cortex.o
       716          8          0          0          0       3375   stm32f1xx_hal_dma.o
       812         34          0          0          0       2604   stm32f1xx_hal_gpio.o
        64          6          0          0          0        786   stm32f1xx_hal_msp.o
      1784        110          0          0          0       5824   stm32f1xx_hal_rcc.o
      1912         54          0          0          0      14196   stm32f1xx_hal_spi.o
       684          4          0          0          0       3496   stm32f1xx_hal_uart.o
        66         12          0          0          0       4632   stm32f1xx_it.o
         2          0         24          4          0       1047   system_stm32f1xx.o
       188         22          0          0         68       1570   usart.o

    ----------------------------------------------------------------------
     11624        824        294        156       2664     512617   Object Totals
         0          0         32          0          0          0   (incl. Generated)
        14          0          2          3          0          0   (incl. Padding)

    ----------------------------------------------------------------------

      Code (inc. data)   RO Data    RW Data    ZI Data      Debug   Library Member Name

         0          0          0          0          0          0   entry.o
         0          0          0          0          0          0   entry10a.o
         0          0          0          0          0          0   entry11a.o
         8          4          0          0          0          0   entry2.o
         4          0          0          0          0          0   entry5.o
         0          0          0          0          0          0   entry7b.o
         0          0          0          0          0          0   entry8b.o
         8          4          0          0          0          0   entry9a.o
        30          0          0          0          0          0   handlers.o
        36          8          0          0          0         68   init.o
        30          0          0          0          0         68   llshl.o
        32          0          0          0          0         68   llushr.o
        36          0          0          0          0        108   memseta.o
      1154         54          0          0          0        352   printf8.o
         0          0          0          4          0          0   stdout.o
        98          0          0          0          0         92   uldiv.o

    ----------------------------------------------------------------------
      1442         70          0          4          0        756   Library Totals
         6          0          0          0          0          0   (incl. Padding)

    ----------------------------------------------------------------------

      Code (inc. data)   RO Data    RW Data    ZI Data      Debug   Library Name

      1436         70          0          4          0        756   mc_w.l

    ----------------------------------------------------------------------
      1442         70          0          4          0        756   Library Totals

    ----------------------------------------------------------------------

==============================================================================


      Code (inc. data)   RO Data    RW Data    ZI Data      Debug   

     13066        894        294        160       2664     507597   Grand Totals
     13066        894        294        160       2664     507597   ELF Image Totals
     13066        894        294        160          0          0   ROM Totals

==============================================================================

    Total RO  Size (Code + RO Data)                13360 (  13.05kB)
    Total RW  Size (RW Data + ZI Data)              2824 (   2.76kB)
    Total ROM Size (Code + RO Data + RW Data)      13520 (  13.20kB)

==============================================================================

